ARM GAS  C:\Users\JOHNNY~1\AppData\Local\Temp\ccbQFpOe.s 			page 1


   1              		.cpu cortex-m0
   2              		.fpu softvfp
   3              		.eabi_attribute 20, 1
   4              		.eabi_attribute 21, 1
   5              		.eabi_attribute 23, 3
   6              		.eabi_attribute 24, 1
   7              		.eabi_attribute 25, 1
   8              		.eabi_attribute 26, 1
   9              		.eabi_attribute 30, 6
  10              		.eabi_attribute 34, 0
  11              		.eabi_attribute 18, 4
  12              		.code	16
  13              		.file	"BLE_custom.c"
  14              		.text
  15              	.Ltext0:
  16              		.cfi_sections	.debug_frame
  17              		.global	cyBle_customs
  18              		.section	.rodata
  19              		.align	2
  20              		.type	cyBle_customs, %object
  21              		.size	cyBle_customs, 76
  22              	cyBle_customs:
  23 0000 0C00     		.short	12
  24 0002 0000     		.short	0
  25 0004 0000     		.short	0
  26 0006 0000     		.short	0
  27 0008 0000     		.short	0
  28 000a 0000     		.short	0
  29 000c 0000     		.short	0
  30 000e 0000     		.short	0
  31 0010 0000     		.short	0
  32 0012 0000     		.short	0
  33 0014 0000     		.short	0
  34 0016 0000     		.short	0
  35 0018 0000     		.short	0
  36 001a 0000     		.short	0
  37 001c 0000     		.short	0
  38 001e 0000     		.short	0
  39 0020 0000     		.short	0
  40 0022 0000     		.short	0
  41 0024 0000     		.short	0
  42 0026 0D00     		.short	13
  43 0028 0F00     		.short	15
  44 002a 1000     		.short	16
  45 002c 1200     		.short	18
  46 002e 1300     		.short	19
  47 0030 1500     		.short	21
  48 0032 1600     		.short	22
  49 0034 1800     		.short	24
  50 0036 1900     		.short	25
  51 0038 1B00     		.short	27
  52 003a 1C00     		.short	28
  53 003c 1E00     		.short	30
  54 003e 1F00     		.short	31
  55 0040 2100     		.short	33
  56 0042 2200     		.short	34
  57 0044 2400     		.short	36
ARM GAS  C:\Users\JOHNNY~1\AppData\Local\Temp\ccbQFpOe.s 			page 2


  58 0046 2500     		.short	37
  59 0048 2700     		.short	39
  60 004a 2800     		.short	40
  61              		.section	.text.CyBle_CustomInit,"ax",%progbits
  62              		.align	2
  63              		.global	CyBle_CustomInit
  64              		.code	16
  65              		.thumb_func
  66              		.type	CyBle_CustomInit, %function
  67              	CyBle_CustomInit:
  68              	.LFB2:
  69              		.file 1 ".\\Generated_Source\\PSoC4\\BLE_custom.c"
   1:.\Generated_Source\PSoC4/BLE_custom.c **** /***************************************************************************//**
   2:.\Generated_Source\PSoC4/BLE_custom.c **** * \file CYBLE_custom.c
   3:.\Generated_Source\PSoC4/BLE_custom.c **** * \version 2.30
   4:.\Generated_Source\PSoC4/BLE_custom.c **** * 
   5:.\Generated_Source\PSoC4/BLE_custom.c **** * \brief
   6:.\Generated_Source\PSoC4/BLE_custom.c **** *  Contains the source code for the Custom Service.
   7:.\Generated_Source\PSoC4/BLE_custom.c **** * 
   8:.\Generated_Source\PSoC4/BLE_custom.c **** ********************************************************************************
   9:.\Generated_Source\PSoC4/BLE_custom.c **** * \copyright
  10:.\Generated_Source\PSoC4/BLE_custom.c **** * Copyright 2014-2015, Cypress Semiconductor Corporation.  All rights reserved.
  11:.\Generated_Source\PSoC4/BLE_custom.c **** * You may use this file only in accordance with the license, terms, conditions,
  12:.\Generated_Source\PSoC4/BLE_custom.c **** * disclaimers, and limitations in the end user license agreement accompanying
  13:.\Generated_Source\PSoC4/BLE_custom.c **** * the software package with which this file was provided.
  14:.\Generated_Source\PSoC4/BLE_custom.c **** *******************************************************************************/
  15:.\Generated_Source\PSoC4/BLE_custom.c **** 
  16:.\Generated_Source\PSoC4/BLE_custom.c **** 
  17:.\Generated_Source\PSoC4/BLE_custom.c **** #include "BLE_eventHandler.h"
  18:.\Generated_Source\PSoC4/BLE_custom.c **** 
  19:.\Generated_Source\PSoC4/BLE_custom.c **** #ifdef CYBLE_CUSTOM_SERVER
  20:.\Generated_Source\PSoC4/BLE_custom.c **** 
  21:.\Generated_Source\PSoC4/BLE_custom.c **** /* If any custom service with custom characterisctis is defined in the
  22:.\Generated_Source\PSoC4/BLE_custom.c **** * customizer's GUI their handles will be present in this array.
  23:.\Generated_Source\PSoC4/BLE_custom.c **** */
  24:.\Generated_Source\PSoC4/BLE_custom.c **** /* This array contains attribute handles for the defined Custom Services and their characteristics 
  25:.\Generated_Source\PSoC4/BLE_custom.c ****    The array index definitions are located in the CYBLE_custom.h file. */
  26:.\Generated_Source\PSoC4/BLE_custom.c **** const CYBLE_CUSTOMS_T cyBle_customs[0x02u] = {
  27:.\Generated_Source\PSoC4/BLE_custom.c **** 
  28:.\Generated_Source\PSoC4/BLE_custom.c ****     /* Eddystone service */
  29:.\Generated_Source\PSoC4/BLE_custom.c ****     {
  30:.\Generated_Source\PSoC4/BLE_custom.c ****         0x000Cu, /* Handle of the Eddystone service */ 
  31:.\Generated_Source\PSoC4/BLE_custom.c ****         {
  32:.\Generated_Source\PSoC4/BLE_custom.c ****             {
  33:.\Generated_Source\PSoC4/BLE_custom.c ****                 CYBLE_GATT_INVALID_ATTR_HANDLE_VALUE, 
  34:.\Generated_Source\PSoC4/BLE_custom.c ****                 
  35:.\Generated_Source\PSoC4/BLE_custom.c ****                 /* Array of Descriptors handles */
  36:.\Generated_Source\PSoC4/BLE_custom.c ****                 {
  37:.\Generated_Source\PSoC4/BLE_custom.c ****                     CYBLE_GATT_INVALID_ATTR_HANDLE_VALUE, 
  38:.\Generated_Source\PSoC4/BLE_custom.c ****                 }, 
  39:.\Generated_Source\PSoC4/BLE_custom.c ****             },
  40:.\Generated_Source\PSoC4/BLE_custom.c ****             {
  41:.\Generated_Source\PSoC4/BLE_custom.c ****                 CYBLE_GATT_INVALID_ATTR_HANDLE_VALUE, 
  42:.\Generated_Source\PSoC4/BLE_custom.c ****                 
  43:.\Generated_Source\PSoC4/BLE_custom.c ****                 /* Array of Descriptors handles */
  44:.\Generated_Source\PSoC4/BLE_custom.c ****                 {
  45:.\Generated_Source\PSoC4/BLE_custom.c ****                     CYBLE_GATT_INVALID_ATTR_HANDLE_VALUE, 
ARM GAS  C:\Users\JOHNNY~1\AppData\Local\Temp\ccbQFpOe.s 			page 3


  46:.\Generated_Source\PSoC4/BLE_custom.c ****                 }, 
  47:.\Generated_Source\PSoC4/BLE_custom.c ****             },
  48:.\Generated_Source\PSoC4/BLE_custom.c ****             {
  49:.\Generated_Source\PSoC4/BLE_custom.c ****                 CYBLE_GATT_INVALID_ATTR_HANDLE_VALUE, 
  50:.\Generated_Source\PSoC4/BLE_custom.c ****                 
  51:.\Generated_Source\PSoC4/BLE_custom.c ****                 /* Array of Descriptors handles */
  52:.\Generated_Source\PSoC4/BLE_custom.c ****                 {
  53:.\Generated_Source\PSoC4/BLE_custom.c ****                     CYBLE_GATT_INVALID_ATTR_HANDLE_VALUE, 
  54:.\Generated_Source\PSoC4/BLE_custom.c ****                 }, 
  55:.\Generated_Source\PSoC4/BLE_custom.c ****             },
  56:.\Generated_Source\PSoC4/BLE_custom.c ****             {
  57:.\Generated_Source\PSoC4/BLE_custom.c ****                 CYBLE_GATT_INVALID_ATTR_HANDLE_VALUE, 
  58:.\Generated_Source\PSoC4/BLE_custom.c ****                 
  59:.\Generated_Source\PSoC4/BLE_custom.c ****                 /* Array of Descriptors handles */
  60:.\Generated_Source\PSoC4/BLE_custom.c ****                 {
  61:.\Generated_Source\PSoC4/BLE_custom.c ****                     CYBLE_GATT_INVALID_ATTR_HANDLE_VALUE, 
  62:.\Generated_Source\PSoC4/BLE_custom.c ****                 }, 
  63:.\Generated_Source\PSoC4/BLE_custom.c ****             },
  64:.\Generated_Source\PSoC4/BLE_custom.c ****             {
  65:.\Generated_Source\PSoC4/BLE_custom.c ****                 CYBLE_GATT_INVALID_ATTR_HANDLE_VALUE, 
  66:.\Generated_Source\PSoC4/BLE_custom.c ****                 
  67:.\Generated_Source\PSoC4/BLE_custom.c ****                 /* Array of Descriptors handles */
  68:.\Generated_Source\PSoC4/BLE_custom.c ****                 {
  69:.\Generated_Source\PSoC4/BLE_custom.c ****                     CYBLE_GATT_INVALID_ATTR_HANDLE_VALUE, 
  70:.\Generated_Source\PSoC4/BLE_custom.c ****                 }, 
  71:.\Generated_Source\PSoC4/BLE_custom.c ****             },
  72:.\Generated_Source\PSoC4/BLE_custom.c ****             {
  73:.\Generated_Source\PSoC4/BLE_custom.c ****                 CYBLE_GATT_INVALID_ATTR_HANDLE_VALUE, 
  74:.\Generated_Source\PSoC4/BLE_custom.c ****                 
  75:.\Generated_Source\PSoC4/BLE_custom.c ****                 /* Array of Descriptors handles */
  76:.\Generated_Source\PSoC4/BLE_custom.c ****                 {
  77:.\Generated_Source\PSoC4/BLE_custom.c ****                     CYBLE_GATT_INVALID_ATTR_HANDLE_VALUE, 
  78:.\Generated_Source\PSoC4/BLE_custom.c ****                 }, 
  79:.\Generated_Source\PSoC4/BLE_custom.c ****             },
  80:.\Generated_Source\PSoC4/BLE_custom.c ****             {
  81:.\Generated_Source\PSoC4/BLE_custom.c ****                 CYBLE_GATT_INVALID_ATTR_HANDLE_VALUE, 
  82:.\Generated_Source\PSoC4/BLE_custom.c ****                 
  83:.\Generated_Source\PSoC4/BLE_custom.c ****                 /* Array of Descriptors handles */
  84:.\Generated_Source\PSoC4/BLE_custom.c ****                 {
  85:.\Generated_Source\PSoC4/BLE_custom.c ****                     CYBLE_GATT_INVALID_ATTR_HANDLE_VALUE, 
  86:.\Generated_Source\PSoC4/BLE_custom.c ****                 }, 
  87:.\Generated_Source\PSoC4/BLE_custom.c ****             },
  88:.\Generated_Source\PSoC4/BLE_custom.c ****             {
  89:.\Generated_Source\PSoC4/BLE_custom.c ****                 CYBLE_GATT_INVALID_ATTR_HANDLE_VALUE, 
  90:.\Generated_Source\PSoC4/BLE_custom.c ****                 
  91:.\Generated_Source\PSoC4/BLE_custom.c ****                 /* Array of Descriptors handles */
  92:.\Generated_Source\PSoC4/BLE_custom.c ****                 {
  93:.\Generated_Source\PSoC4/BLE_custom.c ****                     CYBLE_GATT_INVALID_ATTR_HANDLE_VALUE, 
  94:.\Generated_Source\PSoC4/BLE_custom.c ****                 }, 
  95:.\Generated_Source\PSoC4/BLE_custom.c ****             },
  96:.\Generated_Source\PSoC4/BLE_custom.c ****             {
  97:.\Generated_Source\PSoC4/BLE_custom.c ****                 CYBLE_GATT_INVALID_ATTR_HANDLE_VALUE, 
  98:.\Generated_Source\PSoC4/BLE_custom.c ****                 
  99:.\Generated_Source\PSoC4/BLE_custom.c ****                 /* Array of Descriptors handles */
 100:.\Generated_Source\PSoC4/BLE_custom.c ****                 {
 101:.\Generated_Source\PSoC4/BLE_custom.c ****                     CYBLE_GATT_INVALID_ATTR_HANDLE_VALUE, 
 102:.\Generated_Source\PSoC4/BLE_custom.c ****                 }, 
ARM GAS  C:\Users\JOHNNY~1\AppData\Local\Temp\ccbQFpOe.s 			page 4


 103:.\Generated_Source\PSoC4/BLE_custom.c ****             },
 104:.\Generated_Source\PSoC4/BLE_custom.c ****         }, 
 105:.\Generated_Source\PSoC4/BLE_custom.c ****     },
 106:.\Generated_Source\PSoC4/BLE_custom.c **** 
 107:.\Generated_Source\PSoC4/BLE_custom.c ****     /* Eddystone Configuration service */
 108:.\Generated_Source\PSoC4/BLE_custom.c ****     {
 109:.\Generated_Source\PSoC4/BLE_custom.c ****         0x000Du, /* Handle of the Eddystone Configuration service */ 
 110:.\Generated_Source\PSoC4/BLE_custom.c ****         {
 111:.\Generated_Source\PSoC4/BLE_custom.c **** 
 112:.\Generated_Source\PSoC4/BLE_custom.c ****             /* Lock State characteristic */
 113:.\Generated_Source\PSoC4/BLE_custom.c ****             {
 114:.\Generated_Source\PSoC4/BLE_custom.c ****                 0x000Fu, /* Handle of the Lock State characteristic */ 
 115:.\Generated_Source\PSoC4/BLE_custom.c ****                 
 116:.\Generated_Source\PSoC4/BLE_custom.c ****                 /* Array of Descriptors handles */
 117:.\Generated_Source\PSoC4/BLE_custom.c ****                 {
 118:.\Generated_Source\PSoC4/BLE_custom.c ****                     0x0010u, /* Handle of the Characteristic User Description descriptor */ 
 119:.\Generated_Source\PSoC4/BLE_custom.c ****                 }, 
 120:.\Generated_Source\PSoC4/BLE_custom.c ****             },
 121:.\Generated_Source\PSoC4/BLE_custom.c **** 
 122:.\Generated_Source\PSoC4/BLE_custom.c ****             /* Lock characteristic */
 123:.\Generated_Source\PSoC4/BLE_custom.c ****             {
 124:.\Generated_Source\PSoC4/BLE_custom.c ****                 0x0012u, /* Handle of the Lock characteristic */ 
 125:.\Generated_Source\PSoC4/BLE_custom.c ****                 
 126:.\Generated_Source\PSoC4/BLE_custom.c ****                 /* Array of Descriptors handles */
 127:.\Generated_Source\PSoC4/BLE_custom.c ****                 {
 128:.\Generated_Source\PSoC4/BLE_custom.c ****                     0x0013u, /* Handle of the Characteristic User Description descriptor */ 
 129:.\Generated_Source\PSoC4/BLE_custom.c ****                 }, 
 130:.\Generated_Source\PSoC4/BLE_custom.c ****             },
 131:.\Generated_Source\PSoC4/BLE_custom.c **** 
 132:.\Generated_Source\PSoC4/BLE_custom.c ****             /* Unlock characteristic */
 133:.\Generated_Source\PSoC4/BLE_custom.c ****             {
 134:.\Generated_Source\PSoC4/BLE_custom.c ****                 0x0015u, /* Handle of the Unlock characteristic */ 
 135:.\Generated_Source\PSoC4/BLE_custom.c ****                 
 136:.\Generated_Source\PSoC4/BLE_custom.c ****                 /* Array of Descriptors handles */
 137:.\Generated_Source\PSoC4/BLE_custom.c ****                 {
 138:.\Generated_Source\PSoC4/BLE_custom.c ****                     0x0016u, /* Handle of the Characteristic User Description descriptor */ 
 139:.\Generated_Source\PSoC4/BLE_custom.c ****                 }, 
 140:.\Generated_Source\PSoC4/BLE_custom.c ****             },
 141:.\Generated_Source\PSoC4/BLE_custom.c **** 
 142:.\Generated_Source\PSoC4/BLE_custom.c ****             /* URI Data characteristic */
 143:.\Generated_Source\PSoC4/BLE_custom.c ****             {
 144:.\Generated_Source\PSoC4/BLE_custom.c ****                 0x0018u, /* Handle of the URI Data characteristic */ 
 145:.\Generated_Source\PSoC4/BLE_custom.c ****                 
 146:.\Generated_Source\PSoC4/BLE_custom.c ****                 /* Array of Descriptors handles */
 147:.\Generated_Source\PSoC4/BLE_custom.c ****                 {
 148:.\Generated_Source\PSoC4/BLE_custom.c ****                     0x0019u, /* Handle of the Characteristic User Description descriptor */ 
 149:.\Generated_Source\PSoC4/BLE_custom.c ****                 }, 
 150:.\Generated_Source\PSoC4/BLE_custom.c ****             },
 151:.\Generated_Source\PSoC4/BLE_custom.c **** 
 152:.\Generated_Source\PSoC4/BLE_custom.c ****             /* URI Flags characteristic */
 153:.\Generated_Source\PSoC4/BLE_custom.c ****             {
 154:.\Generated_Source\PSoC4/BLE_custom.c ****                 0x001Bu, /* Handle of the URI Flags characteristic */ 
 155:.\Generated_Source\PSoC4/BLE_custom.c ****                 
 156:.\Generated_Source\PSoC4/BLE_custom.c ****                 /* Array of Descriptors handles */
 157:.\Generated_Source\PSoC4/BLE_custom.c ****                 {
 158:.\Generated_Source\PSoC4/BLE_custom.c ****                     0x001Cu, /* Handle of the Characteristic User Description descriptor */ 
 159:.\Generated_Source\PSoC4/BLE_custom.c ****                 }, 
ARM GAS  C:\Users\JOHNNY~1\AppData\Local\Temp\ccbQFpOe.s 			page 5


 160:.\Generated_Source\PSoC4/BLE_custom.c ****             },
 161:.\Generated_Source\PSoC4/BLE_custom.c **** 
 162:.\Generated_Source\PSoC4/BLE_custom.c ****             /* Advertised Tx Power Levels characteristic */
 163:.\Generated_Source\PSoC4/BLE_custom.c ****             {
 164:.\Generated_Source\PSoC4/BLE_custom.c ****                 0x001Eu, /* Handle of the Advertised Tx Power Levels characteristic */ 
 165:.\Generated_Source\PSoC4/BLE_custom.c ****                 
 166:.\Generated_Source\PSoC4/BLE_custom.c ****                 /* Array of Descriptors handles */
 167:.\Generated_Source\PSoC4/BLE_custom.c ****                 {
 168:.\Generated_Source\PSoC4/BLE_custom.c ****                     0x001Fu, /* Handle of the Characteristic User Description descriptor */ 
 169:.\Generated_Source\PSoC4/BLE_custom.c ****                 }, 
 170:.\Generated_Source\PSoC4/BLE_custom.c ****             },
 171:.\Generated_Source\PSoC4/BLE_custom.c **** 
 172:.\Generated_Source\PSoC4/BLE_custom.c ****             /* Tx Power Mode characteristic */
 173:.\Generated_Source\PSoC4/BLE_custom.c ****             {
 174:.\Generated_Source\PSoC4/BLE_custom.c ****                 0x0021u, /* Handle of the Tx Power Mode characteristic */ 
 175:.\Generated_Source\PSoC4/BLE_custom.c ****                 
 176:.\Generated_Source\PSoC4/BLE_custom.c ****                 /* Array of Descriptors handles */
 177:.\Generated_Source\PSoC4/BLE_custom.c ****                 {
 178:.\Generated_Source\PSoC4/BLE_custom.c ****                     0x0022u, /* Handle of the Characteristic User Description descriptor */ 
 179:.\Generated_Source\PSoC4/BLE_custom.c ****                 }, 
 180:.\Generated_Source\PSoC4/BLE_custom.c ****             },
 181:.\Generated_Source\PSoC4/BLE_custom.c **** 
 182:.\Generated_Source\PSoC4/BLE_custom.c ****             /* Beacon Period characteristic */
 183:.\Generated_Source\PSoC4/BLE_custom.c ****             {
 184:.\Generated_Source\PSoC4/BLE_custom.c ****                 0x0024u, /* Handle of the Beacon Period characteristic */ 
 185:.\Generated_Source\PSoC4/BLE_custom.c ****                 
 186:.\Generated_Source\PSoC4/BLE_custom.c ****                 /* Array of Descriptors handles */
 187:.\Generated_Source\PSoC4/BLE_custom.c ****                 {
 188:.\Generated_Source\PSoC4/BLE_custom.c ****                     0x0025u, /* Handle of the Characteristic User Description descriptor */ 
 189:.\Generated_Source\PSoC4/BLE_custom.c ****                 }, 
 190:.\Generated_Source\PSoC4/BLE_custom.c ****             },
 191:.\Generated_Source\PSoC4/BLE_custom.c **** 
 192:.\Generated_Source\PSoC4/BLE_custom.c ****             /* Reset characteristic */
 193:.\Generated_Source\PSoC4/BLE_custom.c ****             {
 194:.\Generated_Source\PSoC4/BLE_custom.c ****                 0x0027u, /* Handle of the Reset characteristic */ 
 195:.\Generated_Source\PSoC4/BLE_custom.c ****                 
 196:.\Generated_Source\PSoC4/BLE_custom.c ****                 /* Array of Descriptors handles */
 197:.\Generated_Source\PSoC4/BLE_custom.c ****                 {
 198:.\Generated_Source\PSoC4/BLE_custom.c ****                     0x0028u, /* Handle of the Characteristic User Description descriptor */ 
 199:.\Generated_Source\PSoC4/BLE_custom.c ****                 }, 
 200:.\Generated_Source\PSoC4/BLE_custom.c ****             },
 201:.\Generated_Source\PSoC4/BLE_custom.c ****         }, 
 202:.\Generated_Source\PSoC4/BLE_custom.c ****     },
 203:.\Generated_Source\PSoC4/BLE_custom.c **** };
 204:.\Generated_Source\PSoC4/BLE_custom.c **** 
 205:.\Generated_Source\PSoC4/BLE_custom.c **** 
 206:.\Generated_Source\PSoC4/BLE_custom.c **** #endif /* (CYBLE_CUSTOM_SERVER) */
 207:.\Generated_Source\PSoC4/BLE_custom.c **** 
 208:.\Generated_Source\PSoC4/BLE_custom.c **** #ifdef CYBLE_CUSTOM_CLIENT
 209:.\Generated_Source\PSoC4/BLE_custom.c ****     
 210:.\Generated_Source\PSoC4/BLE_custom.c **** 
 211:.\Generated_Source\PSoC4/BLE_custom.c **** static uint16 cyBle_customDisServIndex;
 212:.\Generated_Source\PSoC4/BLE_custom.c **** static uint16 cyBle_customDisCharIndex;
 213:.\Generated_Source\PSoC4/BLE_custom.c **** 
 214:.\Generated_Source\PSoC4/BLE_custom.c **** #endif /* (CYBLE_CUSTOM_CLIENT) */
 215:.\Generated_Source\PSoC4/BLE_custom.c **** 
 216:.\Generated_Source\PSoC4/BLE_custom.c **** 
ARM GAS  C:\Users\JOHNNY~1\AppData\Local\Temp\ccbQFpOe.s 			page 6


 217:.\Generated_Source\PSoC4/BLE_custom.c **** /****************************************************************************** 
 218:.\Generated_Source\PSoC4/BLE_custom.c **** * Function Name: CyBle_CustomInit
 219:.\Generated_Source\PSoC4/BLE_custom.c **** ***************************************************************************//**
 220:.\Generated_Source\PSoC4/BLE_custom.c **** * 
 221:.\Generated_Source\PSoC4/BLE_custom.c **** *  This function initializes Custom Service.
 222:.\Generated_Source\PSoC4/BLE_custom.c **** * 
 223:.\Generated_Source\PSoC4/BLE_custom.c **** * \return
 224:.\Generated_Source\PSoC4/BLE_custom.c **** *  None
 225:.\Generated_Source\PSoC4/BLE_custom.c **** * 
 226:.\Generated_Source\PSoC4/BLE_custom.c **** ******************************************************************************/
 227:.\Generated_Source\PSoC4/BLE_custom.c **** void CyBle_CustomInit(void)
 228:.\Generated_Source\PSoC4/BLE_custom.c **** {
  70              		.loc 1 228 0
  71              		.cfi_startproc
  72 0000 80B5     		push	{r7, lr}
  73              		.cfi_def_cfa_offset 8
  74              		.cfi_offset 7, -8
  75              		.cfi_offset 14, -4
  76 0002 00AF     		add	r7, sp, #0
  77              		.cfi_def_cfa_register 7
 229:.\Generated_Source\PSoC4/BLE_custom.c ****     
 230:.\Generated_Source\PSoC4/BLE_custom.c **** #ifdef CYBLE_CUSTOM_CLIENT
 231:.\Generated_Source\PSoC4/BLE_custom.c **** 
 232:.\Generated_Source\PSoC4/BLE_custom.c ****     uint16 locServIndex;
 233:.\Generated_Source\PSoC4/BLE_custom.c ****     uint16 locCharIndex;
 234:.\Generated_Source\PSoC4/BLE_custom.c ****     uint16 locDescIndex;
 235:.\Generated_Source\PSoC4/BLE_custom.c ****     
 236:.\Generated_Source\PSoC4/BLE_custom.c ****     for(locServIndex = 0u; locServIndex < CYBLE_CUSTOMC_SERVICE_COUNT; locServIndex++)
 237:.\Generated_Source\PSoC4/BLE_custom.c ****     {
 238:.\Generated_Source\PSoC4/BLE_custom.c ****         for(locCharIndex = 0u; locCharIndex < cyBle_customCServ[locServIndex].charCount; locCharInd
 239:.\Generated_Source\PSoC4/BLE_custom.c ****         {
 240:.\Generated_Source\PSoC4/BLE_custom.c ****             cyBle_customCServ[locServIndex].customServChar[locCharIndex].
 241:.\Generated_Source\PSoC4/BLE_custom.c ****                 customServCharHandle = 0u;
 242:.\Generated_Source\PSoC4/BLE_custom.c ****             
 243:.\Generated_Source\PSoC4/BLE_custom.c ****             for(locDescIndex = 0u; locDescIndex < 
 244:.\Generated_Source\PSoC4/BLE_custom.c ****                 cyBle_customCServ[locServIndex].customServChar[locCharIndex].descCount; 
 245:.\Generated_Source\PSoC4/BLE_custom.c ****                     locDescIndex++)
 246:.\Generated_Source\PSoC4/BLE_custom.c ****             {
 247:.\Generated_Source\PSoC4/BLE_custom.c ****                 cyBle_customCServ[locServIndex].customServChar[locCharIndex].
 248:.\Generated_Source\PSoC4/BLE_custom.c ****                     customServCharDesc[locDescIndex].descHandle = 0u;
 249:.\Generated_Source\PSoC4/BLE_custom.c ****             }
 250:.\Generated_Source\PSoC4/BLE_custom.c ****         }
 251:.\Generated_Source\PSoC4/BLE_custom.c ****     }
 252:.\Generated_Source\PSoC4/BLE_custom.c **** 
 253:.\Generated_Source\PSoC4/BLE_custom.c **** #endif /* (CYBLE_CUSTOM_CLIENT) */
 254:.\Generated_Source\PSoC4/BLE_custom.c **** }
  78              		.loc 1 254 0
  79 0004 BD46     		mov	sp, r7
  80              		@ sp needed
  81 0006 80BD     		pop	{r7, pc}
  82              		.cfi_endproc
  83              	.LFE2:
  84              		.size	CyBle_CustomInit, .-CyBle_CustomInit
  85              		.text
  86              	.Letext0:
  87              		.file 2 ".\\Generated_Source\\PSoC4\\cytypes.h"
  88              		.file 3 ".\\Generated_Source\\PSoC4\\BLE_StackGatt.h"
ARM GAS  C:\Users\JOHNNY~1\AppData\Local\Temp\ccbQFpOe.s 			page 7


  89              		.file 4 ".\\Generated_Source\\PSoC4\\BLE_custom.h"
  90              		.file 5 ".\\Generated_Source\\PSoC4\\BLE_Stack.h"
  91              		.section	.debug_info,"",%progbits
  92              	.Ldebug_info0:
  93 0000 D0020000 		.4byte	0x2d0
  94 0004 0400     		.2byte	0x4
  95 0006 00000000 		.4byte	.Ldebug_abbrev0
  96 000a 04       		.byte	0x4
  97 000b 01       		.uleb128 0x1
  98 000c 37050000 		.4byte	.LASF78
  99 0010 01       		.byte	0x1
 100 0011 A5010000 		.4byte	.LASF79
 101 0015 12060000 		.4byte	.LASF80
 102 0019 00000000 		.4byte	.Ldebug_ranges0+0
 103 001d 00000000 		.4byte	0
 104 0021 00000000 		.4byte	.Ldebug_line0
 105 0025 02       		.uleb128 0x2
 106 0026 01       		.byte	0x1
 107 0027 06       		.byte	0x6
 108 0028 ED030000 		.4byte	.LASF0
 109 002c 02       		.uleb128 0x2
 110 002d 01       		.byte	0x1
 111 002e 08       		.byte	0x8
 112 002f 74030000 		.4byte	.LASF1
 113 0033 02       		.uleb128 0x2
 114 0034 02       		.byte	0x2
 115 0035 05       		.byte	0x5
 116 0036 46000000 		.4byte	.LASF2
 117 003a 02       		.uleb128 0x2
 118 003b 02       		.byte	0x2
 119 003c 07       		.byte	0x7
 120 003d E1050000 		.4byte	.LASF3
 121 0041 02       		.uleb128 0x2
 122 0042 04       		.byte	0x4
 123 0043 05       		.byte	0x5
 124 0044 3E020000 		.4byte	.LASF4
 125 0048 02       		.uleb128 0x2
 126 0049 04       		.byte	0x4
 127 004a 07       		.byte	0x7
 128 004b 7E040000 		.4byte	.LASF5
 129 004f 02       		.uleb128 0x2
 130 0050 08       		.byte	0x8
 131 0051 05       		.byte	0x5
 132 0052 04020000 		.4byte	.LASF6
 133 0056 02       		.uleb128 0x2
 134 0057 08       		.byte	0x8
 135 0058 07       		.byte	0x7
 136 0059 12020000 		.4byte	.LASF7
 137 005d 03       		.uleb128 0x3
 138 005e 04       		.byte	0x4
 139 005f 05       		.byte	0x5
 140 0060 696E7400 		.ascii	"int\000"
 141 0064 02       		.uleb128 0x2
 142 0065 04       		.byte	0x4
 143 0066 07       		.byte	0x7
 144 0067 56040000 		.4byte	.LASF8
 145 006b 04       		.uleb128 0x4
ARM GAS  C:\Users\JOHNNY~1\AppData\Local\Temp\ccbQFpOe.s 			page 8


 146 006c F5000000 		.4byte	.LASF70
 147 0070 02       		.byte	0x2
 148 0071 3901     		.2byte	0x139
 149 0073 3A000000 		.4byte	0x3a
 150 0077 02       		.uleb128 0x2
 151 0078 04       		.byte	0x4
 152 0079 04       		.byte	0x4
 153 007a CB010000 		.4byte	.LASF9
 154 007e 02       		.uleb128 0x2
 155 007f 08       		.byte	0x8
 156 0080 04       		.byte	0x4
 157 0081 FD060000 		.4byte	.LASF10
 158 0085 02       		.uleb128 0x2
 159 0086 01       		.byte	0x1
 160 0087 08       		.byte	0x8
 161 0088 32050000 		.4byte	.LASF11
 162 008c 02       		.uleb128 0x2
 163 008d 04       		.byte	0x4
 164 008e 07       		.byte	0x7
 165 008f 6A000000 		.4byte	.LASF12
 166 0093 05       		.uleb128 0x5
 167 0094 01       		.byte	0x1
 168 0095 05       		.byte	0x5
 169 0096 A4       		.byte	0xa4
 170 0097 18020000 		.4byte	0x218
 171 009b 06       		.uleb128 0x6
 172 009c 4F010000 		.4byte	.LASF13
 173 00a0 00       		.sleb128 0
 174 00a1 06       		.uleb128 0x6
 175 00a2 C4000000 		.4byte	.LASF14
 176 00a6 01       		.sleb128 1
 177 00a7 06       		.uleb128 0x6
 178 00a8 66080000 		.4byte	.LASF15
 179 00ac 02       		.sleb128 2
 180 00ad 06       		.uleb128 0x6
 181 00ae 3C070000 		.4byte	.LASF16
 182 00b2 03       		.sleb128 3
 183 00b3 06       		.uleb128 0x6
 184 00b4 9E000000 		.4byte	.LASF17
 185 00b8 04       		.sleb128 4
 186 00b9 06       		.uleb128 0x6
 187 00ba D0020000 		.4byte	.LASF18
 188 00be 05       		.sleb128 5
 189 00bf 06       		.uleb128 0x6
 190 00c0 9A070000 		.4byte	.LASF19
 191 00c4 20       		.sleb128 32
 192 00c5 06       		.uleb128 0x6
 193 00c6 90040000 		.4byte	.LASF20
 194 00ca 21       		.sleb128 33
 195 00cb 06       		.uleb128 0x6
 196 00cc 00000000 		.4byte	.LASF21
 197 00d0 22       		.sleb128 34
 198 00d1 06       		.uleb128 0x6
 199 00d2 EC020000 		.4byte	.LASF22
 200 00d6 23       		.sleb128 35
 201 00d7 06       		.uleb128 0x6
 202 00d8 3A040000 		.4byte	.LASF23
ARM GAS  C:\Users\JOHNNY~1\AppData\Local\Temp\ccbQFpOe.s 			page 9


 203 00dc 24       		.sleb128 36
 204 00dd 06       		.uleb128 0x6
 205 00de 50000000 		.4byte	.LASF24
 206 00e2 25       		.sleb128 37
 207 00e3 06       		.uleb128 0x6
 208 00e4 87020000 		.4byte	.LASF25
 209 00e8 26       		.sleb128 38
 210 00e9 06       		.uleb128 0x6
 211 00ea 68020000 		.4byte	.LASF26
 212 00ee 27       		.sleb128 39
 213 00ef 06       		.uleb128 0x6
 214 00f0 24000000 		.4byte	.LASF27
 215 00f4 28       		.sleb128 40
 216 00f5 06       		.uleb128 0x6
 217 00f6 C8040000 		.4byte	.LASF28
 218 00fa 29       		.sleb128 41
 219 00fb 06       		.uleb128 0x6
 220 00fc 09050000 		.4byte	.LASF29
 221 0100 2A       		.sleb128 42
 222 0101 06       		.uleb128 0x6
 223 0102 9D060000 		.4byte	.LASF30
 224 0106 2B       		.sleb128 43
 225 0107 06       		.uleb128 0x6
 226 0108 E5040000 		.4byte	.LASF31
 227 010c 2C       		.sleb128 44
 228 010d 06       		.uleb128 0x6
 229 010e 73000000 		.4byte	.LASF32
 230 0112 C000     		.sleb128 64
 231 0114 06       		.uleb128 0x6
 232 0115 63040000 		.4byte	.LASF33
 233 0119 C100     		.sleb128 65
 234 011b 06       		.uleb128 0x6
 235 011c 30090000 		.4byte	.LASF34
 236 0120 C200     		.sleb128 66
 237 0122 06       		.uleb128 0x6
 238 0123 D7000000 		.4byte	.LASF35
 239 0127 C300     		.sleb128 67
 240 0129 06       		.uleb128 0x6
 241 012a 24080000 		.4byte	.LASF36
 242 012e C400     		.sleb128 68
 243 0130 06       		.uleb128 0x6
 244 0131 BE070000 		.4byte	.LASF37
 245 0135 C500     		.sleb128 69
 246 0137 06       		.uleb128 0x6
 247 0138 03080000 		.4byte	.LASF38
 248 013c C600     		.sleb128 70
 249 013e 06       		.uleb128 0x6
 250 013f CF030000 		.4byte	.LASF39
 251 0143 C700     		.sleb128 71
 252 0145 06       		.uleb128 0x6
 253 0146 13040000 		.4byte	.LASF40
 254 014a C800     		.sleb128 72
 255 014c 06       		.uleb128 0x6
 256 014d D1010000 		.4byte	.LASF41
 257 0151 C900     		.sleb128 73
 258 0153 06       		.uleb128 0x6
 259 0154 F4050000 		.4byte	.LASF42
ARM GAS  C:\Users\JOHNNY~1\AppData\Local\Temp\ccbQFpOe.s 			page 10


 260 0158 CA00     		.sleb128 74
 261 015a 06       		.uleb128 0x6
 262 015b 0F010000 		.4byte	.LASF43
 263 015f CB00     		.sleb128 75
 264 0161 06       		.uleb128 0x6
 265 0162 F9030000 		.4byte	.LASF44
 266 0166 CC00     		.sleb128 76
 267 0168 06       		.uleb128 0x6
 268 0169 EA010000 		.4byte	.LASF45
 269 016d CD00     		.sleb128 77
 270 016f 06       		.uleb128 0x6
 271 0170 E5070000 		.4byte	.LASF46
 272 0174 CE00     		.sleb128 78
 273 0176 06       		.uleb128 0x6
 274 0177 91030000 		.4byte	.LASF47
 275 017b CF00     		.sleb128 79
 276 017d 06       		.uleb128 0x6
 277 017e C3080000 		.4byte	.LASF48
 278 0182 D000     		.sleb128 80
 279 0184 06       		.uleb128 0x6
 280 0185 7E060000 		.4byte	.LASF49
 281 0189 D100     		.sleb128 81
 282 018b 06       		.uleb128 0x6
 283 018c AF020000 		.4byte	.LASF50
 284 0190 D200     		.sleb128 82
 285 0192 06       		.uleb128 0x6
 286 0193 47020000 		.4byte	.LASF51
 287 0197 D300     		.sleb128 83
 288 0199 06       		.uleb128 0x6
 289 019a 2E010000 		.4byte	.LASF52
 290 019e D400     		.sleb128 84
 291 01a0 06       		.uleb128 0x6
 292 01a1 0C090000 		.4byte	.LASF53
 293 01a5 D500     		.sleb128 85
 294 01a7 06       		.uleb128 0x6
 295 01a8 A1080000 		.4byte	.LASF54
 296 01ac D600     		.sleb128 86
 297 01ae 06       		.uleb128 0x6
 298 01af 78080000 		.4byte	.LASF55
 299 01b3 D700     		.sleb128 87
 300 01b5 06       		.uleb128 0x6
 301 01b6 4E030000 		.4byte	.LASF56
 302 01ba F000     		.sleb128 112
 303 01bc 06       		.uleb128 0x6
 304 01bd 74070000 		.4byte	.LASF57
 305 01c1 F100     		.sleb128 113
 306 01c3 06       		.uleb128 0x6
 307 01c4 C5050000 		.4byte	.LASF58
 308 01c8 F200     		.sleb128 114
 309 01ca 06       		.uleb128 0x6
 310 01cb 66010000 		.4byte	.LASF59
 311 01cf F300     		.sleb128 115
 312 01d1 06       		.uleb128 0x6
 313 01d2 22030000 		.4byte	.LASF60
 314 01d6 F400     		.sleb128 116
 315 01d8 06       		.uleb128 0x6
 316 01d9 A7040000 		.4byte	.LASF61
ARM GAS  C:\Users\JOHNNY~1\AppData\Local\Temp\ccbQFpOe.s 			page 11


 317 01dd F500     		.sleb128 117
 318 01df 06       		.uleb128 0x6
 319 01e0 84010000 		.4byte	.LASF62
 320 01e4 F600     		.sleb128 118
 321 01e6 06       		.uleb128 0x6
 322 01e7 55070000 		.4byte	.LASF63
 323 01eb F700     		.sleb128 119
 324 01ed 06       		.uleb128 0x6
 325 01ee DA060000 		.4byte	.LASF64
 326 01f2 F800     		.sleb128 120
 327 01f4 06       		.uleb128 0x6
 328 01f5 04070000 		.4byte	.LASF65
 329 01f9 F900     		.sleb128 121
 330 01fb 06       		.uleb128 0x6
 331 01fc 42080000 		.4byte	.LASF66
 332 0200 FA00     		.sleb128 122
 333 0202 06       		.uleb128 0x6
 334 0203 BC060000 		.4byte	.LASF67
 335 0207 FA01     		.sleb128 250
 336 0209 06       		.uleb128 0x6
 337 020a B0030000 		.4byte	.LASF68
 338 020e FB01     		.sleb128 251
 339 0210 06       		.uleb128 0x6
 340 0211 40030000 		.4byte	.LASF69
 341 0215 FF01     		.sleb128 255
 342 0217 00       		.byte	0
 343 0218 04       		.uleb128 0x4
 344 0219 E2080000 		.4byte	.LASF71
 345 021d 03       		.byte	0x3
 346 021e 8801     		.2byte	0x188
 347 0220 6B000000 		.4byte	0x6b
 348 0224 07       		.uleb128 0x7
 349 0225 04       		.byte	0x4
 350 0226 04       		.byte	0x4
 351 0227 64       		.byte	0x64
 352 0228 45020000 		.4byte	0x245
 353 022c 08       		.uleb128 0x8
 354 022d 27070000 		.4byte	.LASF72
 355 0231 04       		.byte	0x4
 356 0232 67       		.byte	0x67
 357 0233 18020000 		.4byte	0x218
 358 0237 00       		.byte	0
 359 0238 08       		.uleb128 0x8
 360 0239 FC000000 		.4byte	.LASF73
 361 023d 04       		.byte	0x4
 362 023e 69       		.byte	0x69
 363 023f 45020000 		.4byte	0x245
 364 0243 02       		.byte	0x2
 365 0244 00       		.byte	0
 366 0245 09       		.uleb128 0x9
 367 0246 18020000 		.4byte	0x218
 368 024a 55020000 		.4byte	0x255
 369 024e 0A       		.uleb128 0xa
 370 024f 8C000000 		.4byte	0x8c
 371 0253 00       		.byte	0
 372 0254 00       		.byte	0
 373 0255 0B       		.uleb128 0xb
ARM GAS  C:\Users\JOHNNY~1\AppData\Local\Temp\ccbQFpOe.s 			page 12


 374 0256 29020000 		.4byte	.LASF74
 375 025a 04       		.byte	0x4
 376 025b 6B       		.byte	0x6b
 377 025c 24020000 		.4byte	0x224
 378 0260 07       		.uleb128 0x7
 379 0261 26       		.byte	0x26
 380 0262 04       		.byte	0x4
 381 0263 6E       		.byte	0x6e
 382 0264 81020000 		.4byte	0x281
 383 0268 08       		.uleb128 0x8
 384 0269 8D000000 		.4byte	.LASF75
 385 026d 04       		.byte	0x4
 386 026e 71       		.byte	0x71
 387 026f 18020000 		.4byte	0x218
 388 0273 00       		.byte	0
 389 0274 08       		.uleb128 0x8
 390 0275 82030000 		.4byte	.LASF76
 391 0279 04       		.byte	0x4
 392 027a 74       		.byte	0x74
 393 027b 81020000 		.4byte	0x281
 394 027f 02       		.byte	0x2
 395 0280 00       		.byte	0
 396 0281 09       		.uleb128 0x9
 397 0282 55020000 		.4byte	0x255
 398 0286 91020000 		.4byte	0x291
 399 028a 0A       		.uleb128 0xa
 400 028b 8C000000 		.4byte	0x8c
 401 028f 08       		.byte	0x8
 402 0290 00       		.byte	0
 403 0291 0B       		.uleb128 0xb
 404 0292 12030000 		.4byte	.LASF77
 405 0296 04       		.byte	0x4
 406 0297 76       		.byte	0x76
 407 0298 60020000 		.4byte	0x260
 408 029c 0C       		.uleb128 0xc
 409 029d B3000000 		.4byte	.LASF81
 410 02a1 01       		.byte	0x1
 411 02a2 E3       		.byte	0xe3
 412 02a3 00000000 		.4byte	.LFB2
 413 02a7 08000000 		.4byte	.LFE2-.LFB2
 414 02ab 01       		.uleb128 0x1
 415 02ac 9C       		.byte	0x9c
 416 02ad 09       		.uleb128 0x9
 417 02ae 91020000 		.4byte	0x291
 418 02b2 BD020000 		.4byte	0x2bd
 419 02b6 0A       		.uleb128 0xa
 420 02b7 8C000000 		.4byte	0x8c
 421 02bb 01       		.byte	0x1
 422 02bc 00       		.byte	0
 423 02bd 0D       		.uleb128 0xd
 424 02be FE080000 		.4byte	.LASF82
 425 02c2 01       		.byte	0x1
 426 02c3 1A       		.byte	0x1a
 427 02c4 CE020000 		.4byte	0x2ce
 428 02c8 05       		.uleb128 0x5
 429 02c9 03       		.byte	0x3
 430 02ca 00000000 		.4byte	cyBle_customs
ARM GAS  C:\Users\JOHNNY~1\AppData\Local\Temp\ccbQFpOe.s 			page 13


 431 02ce 0E       		.uleb128 0xe
 432 02cf AD020000 		.4byte	0x2ad
 433 02d3 00       		.byte	0
 434              		.section	.debug_abbrev,"",%progbits
 435              	.Ldebug_abbrev0:
 436 0000 01       		.uleb128 0x1
 437 0001 11       		.uleb128 0x11
 438 0002 01       		.byte	0x1
 439 0003 25       		.uleb128 0x25
 440 0004 0E       		.uleb128 0xe
 441 0005 13       		.uleb128 0x13
 442 0006 0B       		.uleb128 0xb
 443 0007 03       		.uleb128 0x3
 444 0008 0E       		.uleb128 0xe
 445 0009 1B       		.uleb128 0x1b
 446 000a 0E       		.uleb128 0xe
 447 000b 55       		.uleb128 0x55
 448 000c 17       		.uleb128 0x17
 449 000d 11       		.uleb128 0x11
 450 000e 01       		.uleb128 0x1
 451 000f 10       		.uleb128 0x10
 452 0010 17       		.uleb128 0x17
 453 0011 00       		.byte	0
 454 0012 00       		.byte	0
 455 0013 02       		.uleb128 0x2
 456 0014 24       		.uleb128 0x24
 457 0015 00       		.byte	0
 458 0016 0B       		.uleb128 0xb
 459 0017 0B       		.uleb128 0xb
 460 0018 3E       		.uleb128 0x3e
 461 0019 0B       		.uleb128 0xb
 462 001a 03       		.uleb128 0x3
 463 001b 0E       		.uleb128 0xe
 464 001c 00       		.byte	0
 465 001d 00       		.byte	0
 466 001e 03       		.uleb128 0x3
 467 001f 24       		.uleb128 0x24
 468 0020 00       		.byte	0
 469 0021 0B       		.uleb128 0xb
 470 0022 0B       		.uleb128 0xb
 471 0023 3E       		.uleb128 0x3e
 472 0024 0B       		.uleb128 0xb
 473 0025 03       		.uleb128 0x3
 474 0026 08       		.uleb128 0x8
 475 0027 00       		.byte	0
 476 0028 00       		.byte	0
 477 0029 04       		.uleb128 0x4
 478 002a 16       		.uleb128 0x16
 479 002b 00       		.byte	0
 480 002c 03       		.uleb128 0x3
 481 002d 0E       		.uleb128 0xe
 482 002e 3A       		.uleb128 0x3a
 483 002f 0B       		.uleb128 0xb
 484 0030 3B       		.uleb128 0x3b
 485 0031 05       		.uleb128 0x5
 486 0032 49       		.uleb128 0x49
 487 0033 13       		.uleb128 0x13
ARM GAS  C:\Users\JOHNNY~1\AppData\Local\Temp\ccbQFpOe.s 			page 14


 488 0034 00       		.byte	0
 489 0035 00       		.byte	0
 490 0036 05       		.uleb128 0x5
 491 0037 04       		.uleb128 0x4
 492 0038 01       		.byte	0x1
 493 0039 0B       		.uleb128 0xb
 494 003a 0B       		.uleb128 0xb
 495 003b 3A       		.uleb128 0x3a
 496 003c 0B       		.uleb128 0xb
 497 003d 3B       		.uleb128 0x3b
 498 003e 0B       		.uleb128 0xb
 499 003f 01       		.uleb128 0x1
 500 0040 13       		.uleb128 0x13
 501 0041 00       		.byte	0
 502 0042 00       		.byte	0
 503 0043 06       		.uleb128 0x6
 504 0044 28       		.uleb128 0x28
 505 0045 00       		.byte	0
 506 0046 03       		.uleb128 0x3
 507 0047 0E       		.uleb128 0xe
 508 0048 1C       		.uleb128 0x1c
 509 0049 0D       		.uleb128 0xd
 510 004a 00       		.byte	0
 511 004b 00       		.byte	0
 512 004c 07       		.uleb128 0x7
 513 004d 13       		.uleb128 0x13
 514 004e 01       		.byte	0x1
 515 004f 0B       		.uleb128 0xb
 516 0050 0B       		.uleb128 0xb
 517 0051 3A       		.uleb128 0x3a
 518 0052 0B       		.uleb128 0xb
 519 0053 3B       		.uleb128 0x3b
 520 0054 0B       		.uleb128 0xb
 521 0055 01       		.uleb128 0x1
 522 0056 13       		.uleb128 0x13
 523 0057 00       		.byte	0
 524 0058 00       		.byte	0
 525 0059 08       		.uleb128 0x8
 526 005a 0D       		.uleb128 0xd
 527 005b 00       		.byte	0
 528 005c 03       		.uleb128 0x3
 529 005d 0E       		.uleb128 0xe
 530 005e 3A       		.uleb128 0x3a
 531 005f 0B       		.uleb128 0xb
 532 0060 3B       		.uleb128 0x3b
 533 0061 0B       		.uleb128 0xb
 534 0062 49       		.uleb128 0x49
 535 0063 13       		.uleb128 0x13
 536 0064 38       		.uleb128 0x38
 537 0065 0B       		.uleb128 0xb
 538 0066 00       		.byte	0
 539 0067 00       		.byte	0
 540 0068 09       		.uleb128 0x9
 541 0069 01       		.uleb128 0x1
 542 006a 01       		.byte	0x1
 543 006b 49       		.uleb128 0x49
 544 006c 13       		.uleb128 0x13
ARM GAS  C:\Users\JOHNNY~1\AppData\Local\Temp\ccbQFpOe.s 			page 15


 545 006d 01       		.uleb128 0x1
 546 006e 13       		.uleb128 0x13
 547 006f 00       		.byte	0
 548 0070 00       		.byte	0
 549 0071 0A       		.uleb128 0xa
 550 0072 21       		.uleb128 0x21
 551 0073 00       		.byte	0
 552 0074 49       		.uleb128 0x49
 553 0075 13       		.uleb128 0x13
 554 0076 2F       		.uleb128 0x2f
 555 0077 0B       		.uleb128 0xb
 556 0078 00       		.byte	0
 557 0079 00       		.byte	0
 558 007a 0B       		.uleb128 0xb
 559 007b 16       		.uleb128 0x16
 560 007c 00       		.byte	0
 561 007d 03       		.uleb128 0x3
 562 007e 0E       		.uleb128 0xe
 563 007f 3A       		.uleb128 0x3a
 564 0080 0B       		.uleb128 0xb
 565 0081 3B       		.uleb128 0x3b
 566 0082 0B       		.uleb128 0xb
 567 0083 49       		.uleb128 0x49
 568 0084 13       		.uleb128 0x13
 569 0085 00       		.byte	0
 570 0086 00       		.byte	0
 571 0087 0C       		.uleb128 0xc
 572 0088 2E       		.uleb128 0x2e
 573 0089 00       		.byte	0
 574 008a 3F       		.uleb128 0x3f
 575 008b 19       		.uleb128 0x19
 576 008c 03       		.uleb128 0x3
 577 008d 0E       		.uleb128 0xe
 578 008e 3A       		.uleb128 0x3a
 579 008f 0B       		.uleb128 0xb
 580 0090 3B       		.uleb128 0x3b
 581 0091 0B       		.uleb128 0xb
 582 0092 27       		.uleb128 0x27
 583 0093 19       		.uleb128 0x19
 584 0094 11       		.uleb128 0x11
 585 0095 01       		.uleb128 0x1
 586 0096 12       		.uleb128 0x12
 587 0097 06       		.uleb128 0x6
 588 0098 40       		.uleb128 0x40
 589 0099 18       		.uleb128 0x18
 590 009a 9742     		.uleb128 0x2117
 591 009c 19       		.uleb128 0x19
 592 009d 00       		.byte	0
 593 009e 00       		.byte	0
 594 009f 0D       		.uleb128 0xd
 595 00a0 34       		.uleb128 0x34
 596 00a1 00       		.byte	0
 597 00a2 03       		.uleb128 0x3
 598 00a3 0E       		.uleb128 0xe
 599 00a4 3A       		.uleb128 0x3a
 600 00a5 0B       		.uleb128 0xb
 601 00a6 3B       		.uleb128 0x3b
ARM GAS  C:\Users\JOHNNY~1\AppData\Local\Temp\ccbQFpOe.s 			page 16


 602 00a7 0B       		.uleb128 0xb
 603 00a8 49       		.uleb128 0x49
 604 00a9 13       		.uleb128 0x13
 605 00aa 3F       		.uleb128 0x3f
 606 00ab 19       		.uleb128 0x19
 607 00ac 02       		.uleb128 0x2
 608 00ad 18       		.uleb128 0x18
 609 00ae 00       		.byte	0
 610 00af 00       		.byte	0
 611 00b0 0E       		.uleb128 0xe
 612 00b1 26       		.uleb128 0x26
 613 00b2 00       		.byte	0
 614 00b3 49       		.uleb128 0x49
 615 00b4 13       		.uleb128 0x13
 616 00b5 00       		.byte	0
 617 00b6 00       		.byte	0
 618 00b7 00       		.byte	0
 619              		.section	.debug_aranges,"",%progbits
 620 0000 1C000000 		.4byte	0x1c
 621 0004 0200     		.2byte	0x2
 622 0006 00000000 		.4byte	.Ldebug_info0
 623 000a 04       		.byte	0x4
 624 000b 00       		.byte	0
 625 000c 0000     		.2byte	0
 626 000e 0000     		.2byte	0
 627 0010 00000000 		.4byte	.LFB2
 628 0014 08000000 		.4byte	.LFE2-.LFB2
 629 0018 00000000 		.4byte	0
 630 001c 00000000 		.4byte	0
 631              		.section	.debug_ranges,"",%progbits
 632              	.Ldebug_ranges0:
 633 0000 00000000 		.4byte	.LFB2
 634 0004 08000000 		.4byte	.LFE2
 635 0008 00000000 		.4byte	0
 636 000c 00000000 		.4byte	0
 637              		.section	.debug_line,"",%progbits
 638              	.Ldebug_line0:
 639 0000 94000000 		.section	.debug_str,"MS",%progbits,1
 639      02007B00 
 639      00000201 
 639      FB0E0D00 
 639      01010101 
 640              	.LASF21:
 641 0000 4359424C 		.ascii	"CYBLE_EVT_GAP_PASSKEY_ENTRY_REQUEST\000"
 641      455F4556 
 641      545F4741 
 641      505F5041 
 641      53534B45 
 642              	.LASF27:
 643 0024 4359424C 		.ascii	"CYBLE_EVT_GAP_DEVICE_DISCONNECTED\000"
 643      455F4556 
 643      545F4741 
 643      505F4445 
 643      56494345 
 644              	.LASF2:
 645 0046 73686F72 		.ascii	"short int\000"
 645      7420696E 
ARM GAS  C:\Users\JOHNNY~1\AppData\Local\Temp\ccbQFpOe.s 			page 17


 645      7400
 646              	.LASF24:
 647 0050 4359424C 		.ascii	"CYBLE_EVT_GAP_AUTH_FAILED\000"
 647      455F4556 
 647      545F4741 
 647      505F4155 
 647      54485F46 
 648              	.LASF12:
 649 006a 73697A65 		.ascii	"sizetype\000"
 649      74797065 
 649      00
 650              	.LASF32:
 651 0073 4359424C 		.ascii	"CYBLE_EVT_GATTC_ERROR_RSP\000"
 651      455F4556 
 651      545F4741 
 651      5454435F 
 651      4552524F 
 652              	.LASF75:
 653 008d 63757374 		.ascii	"customServHandle\000"
 653      6F6D5365 
 653      72764861 
 653      6E646C65 
 653      00
 654              	.LASF17:
 655 009e 4359424C 		.ascii	"CYBLE_EVT_HCI_STATUS\000"
 655      455F4556 
 655      545F4843 
 655      495F5354 
 655      41545553 
 656              	.LASF81:
 657 00b3 4379426C 		.ascii	"CyBle_CustomInit\000"
 657      655F4375 
 657      73746F6D 
 657      496E6974 
 657      00
 658              	.LASF14:
 659 00c4 4359424C 		.ascii	"CYBLE_EVT_STACK_ON\000"
 659      455F4556 
 659      545F5354 
 659      41434B5F 
 659      4F4E00
 660              	.LASF35:
 661 00d7 4359424C 		.ascii	"CYBLE_EVT_GATTS_XCNHG_MTU_REQ\000"
 661      455F4556 
 661      545F4741 
 661      5454535F 
 661      58434E48 
 662              	.LASF70:
 663 00f5 75696E74 		.ascii	"uint16\000"
 663      313600
 664              	.LASF73:
 665 00fc 63757374 		.ascii	"customServCharDesc\000"
 665      6F6D5365 
 665      72764368 
 665      61724465 
 665      736300
 666              	.LASF43:
ARM GAS  C:\Users\JOHNNY~1\AppData\Local\Temp\ccbQFpOe.s 			page 18


 667 010f 4359424C 		.ascii	"CYBLE_EVT_GATTC_READ_MULTI_RSP\000"
 667      455F4556 
 667      545F4741 
 667      5454435F 
 667      52454144 
 668              	.LASF52:
 669 012e 4359424C 		.ascii	"CYBLE_EVT_GATTS_HANDLE_VALUE_CNF\000"
 669      455F4556 
 669      545F4741 
 669      5454535F 
 669      48414E44 
 670              	.LASF13:
 671 014f 4359424C 		.ascii	"CYBLE_EVT_HOST_INVALID\000"
 671      455F4556 
 671      545F484F 
 671      53545F49 
 671      4E56414C 
 672              	.LASF59:
 673 0166 4359424C 		.ascii	"CYBLE_EVT_L2CAP_CBFC_CONN_IND\000"
 673      455F4556 
 673      545F4C32 
 673      4341505F 
 673      43424643 
 674              	.LASF62:
 675 0184 4359424C 		.ascii	"CYBLE_EVT_L2CAP_CBFC_DISCONN_CNF\000"
 675      455F4556 
 675      545F4C32 
 675      4341505F 
 675      43424643 
 676              	.LASF79:
 677 01a5 2E5C4765 		.ascii	".\\Generated_Source\\PSoC4\\BLE_custom.c\000"
 677      6E657261 
 677      7465645F 
 677      536F7572 
 677      63655C50 
 678              	.LASF9:
 679 01cb 666C6F61 		.ascii	"float\000"
 679      7400
 680              	.LASF41:
 681 01d1 4359424C 		.ascii	"CYBLE_EVT_GATTC_READ_RSP\000"
 681      455F4556 
 681      545F4741 
 681      5454435F 
 681      52454144 
 682              	.LASF45:
 683 01ea 4359424C 		.ascii	"CYBLE_EVT_GATTC_WRITE_RSP\000"
 683      455F4556 
 683      545F4741 
 683      5454435F 
 683      57524954 
 684              	.LASF6:
 685 0204 6C6F6E67 		.ascii	"long long int\000"
 685      206C6F6E 
 685      6720696E 
 685      7400
 686              	.LASF7:
 687 0212 6C6F6E67 		.ascii	"long long unsigned int\000"
ARM GAS  C:\Users\JOHNNY~1\AppData\Local\Temp\ccbQFpOe.s 			page 19


 687      206C6F6E 
 687      6720756E 
 687      7369676E 
 687      65642069 
 688              	.LASF74:
 689 0229 4359424C 		.ascii	"CYBLE_CUSTOMS_INFO_T\000"
 689      455F4355 
 689      53544F4D 
 689      535F494E 
 689      464F5F54 
 690              	.LASF4:
 691 023e 6C6F6E67 		.ascii	"long int\000"
 691      20696E74 
 691      00
 692              	.LASF51:
 693 0247 4359424C 		.ascii	"CYBLE_EVT_GATTC_HANDLE_VALUE_IND\000"
 693      455F4556 
 693      545F4741 
 693      5454435F 
 693      48414E44 
 694              	.LASF26:
 695 0268 4359424C 		.ascii	"CYBLE_EVT_GAP_DEVICE_CONNECTED\000"
 695      455F4556 
 695      545F4741 
 695      505F4445 
 695      56494345 
 696              	.LASF25:
 697 0287 4359424C 		.ascii	"CYBLE_EVT_GAPP_ADVERTISEMENT_START_STOP\000"
 697      455F4556 
 697      545F4741 
 697      50505F41 
 697      44564552 
 698              	.LASF50:
 699 02af 4359424C 		.ascii	"CYBLE_EVT_GATTC_HANDLE_VALUE_NTF\000"
 699      455F4556 
 699      545F4741 
 699      5454435F 
 699      48414E44 
 700              	.LASF18:
 701 02d0 4359424C 		.ascii	"CYBLE_EVT_STACK_BUSY_STATUS\000"
 701      455F4556 
 701      545F5354 
 701      41434B5F 
 701      42555359 
 702              	.LASF22:
 703 02ec 4359424C 		.ascii	"CYBLE_EVT_GAP_PASSKEY_DISPLAY_REQUEST\000"
 703      455F4556 
 703      545F4741 
 703      505F5041 
 703      53534B45 
 704              	.LASF77:
 705 0312 4359424C 		.ascii	"CYBLE_CUSTOMS_T\000"
 705      455F4355 
 705      53544F4D 
 705      535F5400 
 706              	.LASF60:
 707 0322 4359424C 		.ascii	"CYBLE_EVT_L2CAP_CBFC_CONN_CNF\000"
ARM GAS  C:\Users\JOHNNY~1\AppData\Local\Temp\ccbQFpOe.s 			page 20


 707      455F4556 
 707      545F4C32 
 707      4341505F 
 707      43424643 
 708              	.LASF69:
 709 0340 4359424C 		.ascii	"CYBLE_EVT_MAX\000"
 709      455F4556 
 709      545F4D41 
 709      5800
 710              	.LASF56:
 711 034e 4359424C 		.ascii	"CYBLE_EVT_L2CAP_CONN_PARAM_UPDATE_REQ\000"
 711      455F4556 
 711      545F4C32 
 711      4341505F 
 711      434F4E4E 
 712              	.LASF1:
 713 0374 756E7369 		.ascii	"unsigned char\000"
 713      676E6564 
 713      20636861 
 713      7200
 714              	.LASF76:
 715 0382 63757374 		.ascii	"customServInfo\000"
 715      6F6D5365 
 715      7276496E 
 715      666F00
 716              	.LASF47:
 717 0391 4359424C 		.ascii	"CYBLE_EVT_GATTS_PREP_WRITE_REQ\000"
 717      455F4556 
 717      545F4741 
 717      5454535F 
 717      50524550 
 718              	.LASF68:
 719 03b0 4359424C 		.ascii	"CYBLE_EVT_LE_PING_AUTH_TIMEOUT\000"
 719      455F4556 
 719      545F4C45 
 719      5F50494E 
 719      475F4155 
 720              	.LASF39:
 721 03cf 4359424C 		.ascii	"CYBLE_EVT_GATTC_FIND_INFO_RSP\000"
 721      455F4556 
 721      545F4741 
 721      5454435F 
 721      46494E44 
 722              	.LASF0:
 723 03ed 7369676E 		.ascii	"signed char\000"
 723      65642063 
 723      68617200 
 724              	.LASF44:
 725 03f9 4359424C 		.ascii	"CYBLE_EVT_GATTS_WRITE_REQ\000"
 725      455F4556 
 725      545F4741 
 725      5454535F 
 725      57524954 
 726              	.LASF40:
 727 0413 4359424C 		.ascii	"CYBLE_EVT_GATTC_FIND_BY_TYPE_VALUE_RSP\000"
 727      455F4556 
 727      545F4741 
ARM GAS  C:\Users\JOHNNY~1\AppData\Local\Temp\ccbQFpOe.s 			page 21


 727      5454435F 
 727      46494E44 
 728              	.LASF23:
 729 043a 4359424C 		.ascii	"CYBLE_EVT_GAP_AUTH_COMPLETE\000"
 729      455F4556 
 729      545F4741 
 729      505F4155 
 729      54485F43 
 730              	.LASF8:
 731 0456 756E7369 		.ascii	"unsigned int\000"
 731      676E6564 
 731      20696E74 
 731      00
 732              	.LASF33:
 733 0463 4359424C 		.ascii	"CYBLE_EVT_GATT_CONNECT_IND\000"
 733      455F4556 
 733      545F4741 
 733      54545F43 
 733      4F4E4E45 
 734              	.LASF5:
 735 047e 6C6F6E67 		.ascii	"long unsigned int\000"
 735      20756E73 
 735      69676E65 
 735      6420696E 
 735      7400
 736              	.LASF20:
 737 0490 4359424C 		.ascii	"CYBLE_EVT_GAP_AUTH_REQ\000"
 737      455F4556 
 737      545F4741 
 737      505F4155 
 737      54485F52 
 738              	.LASF61:
 739 04a7 4359424C 		.ascii	"CYBLE_EVT_L2CAP_CBFC_DISCONN_IND\000"
 739      455F4556 
 739      545F4C32 
 739      4341505F 
 739      43424643 
 740              	.LASF28:
 741 04c8 4359424C 		.ascii	"CYBLE_EVT_GAP_ENCRYPT_CHANGE\000"
 741      455F4556 
 741      545F4741 
 741      505F454E 
 741      43525950 
 742              	.LASF31:
 743 04e5 4359424C 		.ascii	"CYBLE_EVT_GAP_KEYINFO_EXCHNGE_CMPLT\000"
 743      455F4556 
 743      545F4741 
 743      505F4B45 
 743      59494E46 
 744              	.LASF29:
 745 0509 4359424C 		.ascii	"CYBLE_EVT_GAP_CONNECTION_UPDATE_COMPLETE\000"
 745      455F4556 
 745      545F4741 
 745      505F434F 
 745      4E4E4543 
 746              	.LASF11:
 747 0532 63686172 		.ascii	"char\000"
ARM GAS  C:\Users\JOHNNY~1\AppData\Local\Temp\ccbQFpOe.s 			page 22


 747      00
 748              	.LASF78:
 749 0537 474E5520 		.ascii	"GNU C 4.9.3 20150303 (release) [ARM/embedded-4_9-br"
 749      4320342E 
 749      392E3320 
 749      32303135 
 749      30333033 
 750 056a 616E6368 		.ascii	"anch revision 221220] -mcpu=cortex-m0 -mthumb -g -O"
 750      20726576 
 750      6973696F 
 750      6E203232 
 750      31323230 
 751 059d 30202D66 		.ascii	"0 -ffunction-sections -ffat-lto-objects\000"
 751      66756E63 
 751      74696F6E 
 751      2D736563 
 751      74696F6E 
 752              	.LASF58:
 753 05c5 4359424C 		.ascii	"CYBLE_EVT_L2CAP_COMMAND_REJ\000"
 753      455F4556 
 753      545F4C32 
 753      4341505F 
 753      434F4D4D 
 754              	.LASF3:
 755 05e1 73686F72 		.ascii	"short unsigned int\000"
 755      7420756E 
 755      7369676E 
 755      65642069 
 755      6E7400
 756              	.LASF42:
 757 05f4 4359424C 		.ascii	"CYBLE_EVT_GATTC_READ_BLOB_RSP\000"
 757      455F4556 
 757      545F4741 
 757      5454435F 
 757      52454144 
 758              	.LASF80:
 759 0612 433A5C55 		.ascii	"C:\\Users\\Johnny K\\Desktop\\PSoC_4_BLE_Eddystone_"
 759      73657273 
 759      5C4A6F68 
 759      6E6E7920 
 759      4B5C4465 
 760 0641 436F7079 		.ascii	"Copy_01.cydsn (2)\\PSoC_4_BLE_Eddystone_Copy_01_Cop"
 760      5F30312E 
 760      63796473 
 760      6E202832 
 760      295C5053 
 761 0673 795F3033 		.ascii	"y_03.cydsn\000"
 761      2E637964 
 761      736E00
 762              	.LASF49:
 763 067e 4359424C 		.ascii	"CYBLE_EVT_GATTC_EXEC_WRITE_RSP\000"
 763      455F4556 
 763      545F4741 
 763      5454435F 
 763      45584543 
 764              	.LASF30:
 765 069d 4359424C 		.ascii	"CYBLE_EVT_GAPC_SCAN_START_STOP\000"
ARM GAS  C:\Users\JOHNNY~1\AppData\Local\Temp\ccbQFpOe.s 			page 23


 765      455F4556 
 765      545F4741 
 765      50435F53 
 765      43414E5F 
 766              	.LASF67:
 767 06bc 4359424C 		.ascii	"CYBLE_EVT_PENDING_FLASH_WRITE\000"
 767      455F4556 
 767      545F5045 
 767      4E44494E 
 767      475F464C 
 768              	.LASF64:
 769 06da 4359424C 		.ascii	"CYBLE_EVT_L2CAP_CBFC_RX_CREDIT_IND\000"
 769      455F4556 
 769      545F4C32 
 769      4341505F 
 769      43424643 
 770              	.LASF10:
 771 06fd 646F7562 		.ascii	"double\000"
 771      6C6500
 772              	.LASF65:
 773 0704 4359424C 		.ascii	"CYBLE_EVT_L2CAP_CBFC_TX_CREDIT_IND\000"
 773      455F4556 
 773      545F4C32 
 773      4341505F 
 773      43424643 
 774              	.LASF72:
 775 0727 63757374 		.ascii	"customServCharHandle\000"
 775      6F6D5365 
 775      72764368 
 775      61724861 
 775      6E646C65 
 776              	.LASF16:
 777 073c 4359424C 		.ascii	"CYBLE_EVT_HARDWARE_ERROR\000"
 777      455F4556 
 777      545F4841 
 777      52445741 
 777      52455F45 
 778              	.LASF63:
 779 0755 4359424C 		.ascii	"CYBLE_EVT_L2CAP_CBFC_DATA_READ\000"
 779      455F4556 
 779      545F4C32 
 779      4341505F 
 779      43424643 
 780              	.LASF57:
 781 0774 4359424C 		.ascii	"CYBLE_EVT_L2CAP_CONN_PARAM_UPDATE_RSP\000"
 781      455F4556 
 781      545F4C32 
 781      4341505F 
 781      434F4E4E 
 782              	.LASF19:
 783 079a 4359424C 		.ascii	"CYBLE_EVT_GAPC_SCAN_PROGRESS_RESULT\000"
 783      455F4556 
 783      545F4741 
 783      50435F53 
 783      43414E5F 
 784              	.LASF37:
 785 07be 4359424C 		.ascii	"CYBLE_EVT_GATTC_READ_BY_GROUP_TYPE_RSP\000"
ARM GAS  C:\Users\JOHNNY~1\AppData\Local\Temp\ccbQFpOe.s 			page 24


 785      455F4556 
 785      545F4741 
 785      5454435F 
 785      52454144 
 786              	.LASF46:
 787 07e5 4359424C 		.ascii	"CYBLE_EVT_GATTS_WRITE_CMD_REQ\000"
 787      455F4556 
 787      545F4741 
 787      5454535F 
 787      57524954 
 788              	.LASF38:
 789 0803 4359424C 		.ascii	"CYBLE_EVT_GATTC_READ_BY_TYPE_RSP\000"
 789      455F4556 
 789      545F4741 
 789      5454435F 
 789      52454144 
 790              	.LASF36:
 791 0824 4359424C 		.ascii	"CYBLE_EVT_GATTC_XCHNG_MTU_RSP\000"
 791      455F4556 
 791      545F4741 
 791      5454435F 
 791      5843484E 
 792              	.LASF66:
 793 0842 4359424C 		.ascii	"CYBLE_EVT_L2CAP_CBFC_DATA_WRITE_IND\000"
 793      455F4556 
 793      545F4C32 
 793      4341505F 
 793      43424643 
 794              	.LASF15:
 795 0866 4359424C 		.ascii	"CYBLE_EVT_TIMEOUT\000"
 795      455F4556 
 795      545F5449 
 795      4D454F55 
 795      5400
 796              	.LASF55:
 797 0878 4359424C 		.ascii	"CYBLE_EVT_GATTS_READ_CHAR_VAL_ACCESS_REQ\000"
 797      455F4556 
 797      545F4741 
 797      5454535F 
 797      52454144 
 798              	.LASF54:
 799 08a1 4359424C 		.ascii	"CYBLE_EVT_GATTC_STOP_CMD_COMPLETE\000"
 799      455F4556 
 799      545F4741 
 799      5454435F 
 799      53544F50 
 800              	.LASF48:
 801 08c3 4359424C 		.ascii	"CYBLE_EVT_GATTS_EXEC_WRITE_REQ\000"
 801      455F4556 
 801      545F4741 
 801      5454535F 
 801      45584543 
 802              	.LASF71:
 803 08e2 4359424C 		.ascii	"CYBLE_GATT_DB_ATTR_HANDLE_T\000"
 803      455F4741 
 803      54545F44 
 803      425F4154 
ARM GAS  C:\Users\JOHNNY~1\AppData\Local\Temp\ccbQFpOe.s 			page 25


 803      54525F48 
 804              	.LASF82:
 805 08fe 6379426C 		.ascii	"cyBle_customs\000"
 805      655F6375 
 805      73746F6D 
 805      7300
 806              	.LASF53:
 807 090c 4359424C 		.ascii	"CYBLE_EVT_GATTS_DATA_SIGNED_CMD_REQ\000"
 807      455F4556 
 807      545F4741 
 807      5454535F 
 807      44415441 
 808              	.LASF34:
 809 0930 4359424C 		.ascii	"CYBLE_EVT_GATT_DISCONNECT_IND\000"
 809      455F4556 
 809      545F4741 
 809      54545F44 
 809      4953434F 
 810              		.ident	"GCC: (GNU Tools for ARM Embedded Processors) 4.9.3 20150303 (release) [ARM/embedded-4_9-br
