ARM GAS  C:\Users\JOHNNY~1\AppData\Local\Temp\ccJoGJrA.s 			page 1


   1              		.cpu cortex-m0
   2              		.fpu softvfp
   3              		.eabi_attribute 20, 1
   4              		.eabi_attribute 21, 1
   5              		.eabi_attribute 23, 3
   6              		.eabi_attribute 24, 1
   7              		.eabi_attribute 25, 1
   8              		.eabi_attribute 26, 1
   9              		.eabi_attribute 30, 6
  10              		.eabi_attribute 34, 0
  11              		.eabi_attribute 18, 4
  12              		.code	16
  13              		.file	"UART_1_PM.c"
  14              		.text
  15              	.Ltext0:
  16              		.cfi_sections	.debug_frame
  17              		.bss
  18              		.align	2
  19              	UART_1_backup:
  20 0000 00       		.space	1
  21 0001 000000   		.section	.text.UART_1_SaveConfig,"ax",%progbits
  22              		.align	2
  23              		.global	UART_1_SaveConfig
  24              		.code	16
  25              		.thumb_func
  26              		.type	UART_1_SaveConfig, %function
  27              	UART_1_SaveConfig:
  28              	.LFB2:
  29              		.file 1 ".\\Generated_Source\\PSoC4\\UART_1_PM.c"
   1:.\Generated_Source\PSoC4/UART_1_PM.c **** /*******************************************************************************
   2:.\Generated_Source\PSoC4/UART_1_PM.c **** * File Name: UART_1_PM.c
   3:.\Generated_Source\PSoC4/UART_1_PM.c **** * Version 2.50
   4:.\Generated_Source\PSoC4/UART_1_PM.c **** *
   5:.\Generated_Source\PSoC4/UART_1_PM.c **** * Description:
   6:.\Generated_Source\PSoC4/UART_1_PM.c **** *  This file provides Sleep/WakeUp APIs functionality.
   7:.\Generated_Source\PSoC4/UART_1_PM.c **** *
   8:.\Generated_Source\PSoC4/UART_1_PM.c **** * Note:
   9:.\Generated_Source\PSoC4/UART_1_PM.c **** *
  10:.\Generated_Source\PSoC4/UART_1_PM.c **** ********************************************************************************
  11:.\Generated_Source\PSoC4/UART_1_PM.c **** * Copyright 2008-2015, Cypress Semiconductor Corporation.  All rights reserved.
  12:.\Generated_Source\PSoC4/UART_1_PM.c **** * You may use this file only in accordance with the license, terms, conditions,
  13:.\Generated_Source\PSoC4/UART_1_PM.c **** * disclaimers, and limitations in the end user license agreement accompanying
  14:.\Generated_Source\PSoC4/UART_1_PM.c **** * the software package with which this file was provided.
  15:.\Generated_Source\PSoC4/UART_1_PM.c **** *******************************************************************************/
  16:.\Generated_Source\PSoC4/UART_1_PM.c **** 
  17:.\Generated_Source\PSoC4/UART_1_PM.c **** #include "UART_1.h"
  18:.\Generated_Source\PSoC4/UART_1_PM.c **** 
  19:.\Generated_Source\PSoC4/UART_1_PM.c **** 
  20:.\Generated_Source\PSoC4/UART_1_PM.c **** /***************************************
  21:.\Generated_Source\PSoC4/UART_1_PM.c **** * Local data allocation
  22:.\Generated_Source\PSoC4/UART_1_PM.c **** ***************************************/
  23:.\Generated_Source\PSoC4/UART_1_PM.c **** 
  24:.\Generated_Source\PSoC4/UART_1_PM.c **** static UART_1_BACKUP_STRUCT  UART_1_backup =
  25:.\Generated_Source\PSoC4/UART_1_PM.c **** {
  26:.\Generated_Source\PSoC4/UART_1_PM.c ****     /* enableState - disabled */
  27:.\Generated_Source\PSoC4/UART_1_PM.c ****     0u,
  28:.\Generated_Source\PSoC4/UART_1_PM.c **** };
ARM GAS  C:\Users\JOHNNY~1\AppData\Local\Temp\ccJoGJrA.s 			page 2


  29:.\Generated_Source\PSoC4/UART_1_PM.c **** 
  30:.\Generated_Source\PSoC4/UART_1_PM.c **** 
  31:.\Generated_Source\PSoC4/UART_1_PM.c **** 
  32:.\Generated_Source\PSoC4/UART_1_PM.c **** /*******************************************************************************
  33:.\Generated_Source\PSoC4/UART_1_PM.c **** * Function Name: UART_1_SaveConfig
  34:.\Generated_Source\PSoC4/UART_1_PM.c **** ********************************************************************************
  35:.\Generated_Source\PSoC4/UART_1_PM.c **** *
  36:.\Generated_Source\PSoC4/UART_1_PM.c **** * Summary:
  37:.\Generated_Source\PSoC4/UART_1_PM.c **** *  This function saves the component nonretention control register.
  38:.\Generated_Source\PSoC4/UART_1_PM.c **** *  Does not save the FIFO which is a set of nonretention registers.
  39:.\Generated_Source\PSoC4/UART_1_PM.c **** *  This function is called by the UART_1_Sleep() function.
  40:.\Generated_Source\PSoC4/UART_1_PM.c **** *
  41:.\Generated_Source\PSoC4/UART_1_PM.c **** * Parameters:
  42:.\Generated_Source\PSoC4/UART_1_PM.c **** *  None.
  43:.\Generated_Source\PSoC4/UART_1_PM.c **** *
  44:.\Generated_Source\PSoC4/UART_1_PM.c **** * Return:
  45:.\Generated_Source\PSoC4/UART_1_PM.c **** *  None.
  46:.\Generated_Source\PSoC4/UART_1_PM.c **** *
  47:.\Generated_Source\PSoC4/UART_1_PM.c **** * Global Variables:
  48:.\Generated_Source\PSoC4/UART_1_PM.c **** *  UART_1_backup - modified when non-retention registers are saved.
  49:.\Generated_Source\PSoC4/UART_1_PM.c **** *
  50:.\Generated_Source\PSoC4/UART_1_PM.c **** * Reentrant:
  51:.\Generated_Source\PSoC4/UART_1_PM.c **** *  No.
  52:.\Generated_Source\PSoC4/UART_1_PM.c **** *
  53:.\Generated_Source\PSoC4/UART_1_PM.c **** *******************************************************************************/
  54:.\Generated_Source\PSoC4/UART_1_PM.c **** void UART_1_SaveConfig(void)
  55:.\Generated_Source\PSoC4/UART_1_PM.c **** {
  30              		.loc 1 55 0
  31              		.cfi_startproc
  32 0000 80B5     		push	{r7, lr}
  33              		.cfi_def_cfa_offset 8
  34              		.cfi_offset 7, -8
  35              		.cfi_offset 14, -4
  36 0002 00AF     		add	r7, sp, #0
  37              		.cfi_def_cfa_register 7
  56:.\Generated_Source\PSoC4/UART_1_PM.c ****     #if(UART_1_CONTROL_REG_REMOVED == 0u)
  57:.\Generated_Source\PSoC4/UART_1_PM.c ****         UART_1_backup.cr = UART_1_CONTROL_REG;
  58:.\Generated_Source\PSoC4/UART_1_PM.c ****     #endif /* End UART_1_CONTROL_REG_REMOVED */
  59:.\Generated_Source\PSoC4/UART_1_PM.c **** }
  38              		.loc 1 59 0
  39 0004 BD46     		mov	sp, r7
  40              		@ sp needed
  41 0006 80BD     		pop	{r7, pc}
  42              		.cfi_endproc
  43              	.LFE2:
  44              		.size	UART_1_SaveConfig, .-UART_1_SaveConfig
  45              		.section	.text.UART_1_RestoreConfig,"ax",%progbits
  46              		.align	2
  47              		.global	UART_1_RestoreConfig
  48              		.code	16
  49              		.thumb_func
  50              		.type	UART_1_RestoreConfig, %function
  51              	UART_1_RestoreConfig:
  52              	.LFB3:
  60:.\Generated_Source\PSoC4/UART_1_PM.c **** 
  61:.\Generated_Source\PSoC4/UART_1_PM.c **** 
  62:.\Generated_Source\PSoC4/UART_1_PM.c **** /*******************************************************************************
ARM GAS  C:\Users\JOHNNY~1\AppData\Local\Temp\ccJoGJrA.s 			page 3


  63:.\Generated_Source\PSoC4/UART_1_PM.c **** * Function Name: UART_1_RestoreConfig
  64:.\Generated_Source\PSoC4/UART_1_PM.c **** ********************************************************************************
  65:.\Generated_Source\PSoC4/UART_1_PM.c **** *
  66:.\Generated_Source\PSoC4/UART_1_PM.c **** * Summary:
  67:.\Generated_Source\PSoC4/UART_1_PM.c **** *  Restores the nonretention control register except FIFO.
  68:.\Generated_Source\PSoC4/UART_1_PM.c **** *  Does not restore the FIFO which is a set of nonretention registers.
  69:.\Generated_Source\PSoC4/UART_1_PM.c **** *
  70:.\Generated_Source\PSoC4/UART_1_PM.c **** * Parameters:
  71:.\Generated_Source\PSoC4/UART_1_PM.c **** *  None.
  72:.\Generated_Source\PSoC4/UART_1_PM.c **** *
  73:.\Generated_Source\PSoC4/UART_1_PM.c **** * Return:
  74:.\Generated_Source\PSoC4/UART_1_PM.c **** *  None.
  75:.\Generated_Source\PSoC4/UART_1_PM.c **** *
  76:.\Generated_Source\PSoC4/UART_1_PM.c **** * Global Variables:
  77:.\Generated_Source\PSoC4/UART_1_PM.c **** *  UART_1_backup - used when non-retention registers are restored.
  78:.\Generated_Source\PSoC4/UART_1_PM.c **** *
  79:.\Generated_Source\PSoC4/UART_1_PM.c **** * Reentrant:
  80:.\Generated_Source\PSoC4/UART_1_PM.c **** *  No.
  81:.\Generated_Source\PSoC4/UART_1_PM.c **** *
  82:.\Generated_Source\PSoC4/UART_1_PM.c **** * Notes:
  83:.\Generated_Source\PSoC4/UART_1_PM.c **** *  If this function is called without calling UART_1_SaveConfig() 
  84:.\Generated_Source\PSoC4/UART_1_PM.c **** *  first, the data loaded may be incorrect.
  85:.\Generated_Source\PSoC4/UART_1_PM.c **** *
  86:.\Generated_Source\PSoC4/UART_1_PM.c **** *******************************************************************************/
  87:.\Generated_Source\PSoC4/UART_1_PM.c **** void UART_1_RestoreConfig(void)
  88:.\Generated_Source\PSoC4/UART_1_PM.c **** {
  53              		.loc 1 88 0
  54              		.cfi_startproc
  55 0000 80B5     		push	{r7, lr}
  56              		.cfi_def_cfa_offset 8
  57              		.cfi_offset 7, -8
  58              		.cfi_offset 14, -4
  59 0002 00AF     		add	r7, sp, #0
  60              		.cfi_def_cfa_register 7
  89:.\Generated_Source\PSoC4/UART_1_PM.c ****     #if(UART_1_CONTROL_REG_REMOVED == 0u)
  90:.\Generated_Source\PSoC4/UART_1_PM.c ****         UART_1_CONTROL_REG = UART_1_backup.cr;
  91:.\Generated_Source\PSoC4/UART_1_PM.c ****     #endif /* End UART_1_CONTROL_REG_REMOVED */
  92:.\Generated_Source\PSoC4/UART_1_PM.c **** }
  61              		.loc 1 92 0
  62 0004 BD46     		mov	sp, r7
  63              		@ sp needed
  64 0006 80BD     		pop	{r7, pc}
  65              		.cfi_endproc
  66              	.LFE3:
  67              		.size	UART_1_RestoreConfig, .-UART_1_RestoreConfig
  68              		.section	.text.UART_1_Sleep,"ax",%progbits
  69              		.align	2
  70              		.global	UART_1_Sleep
  71              		.code	16
  72              		.thumb_func
  73              		.type	UART_1_Sleep, %function
  74              	UART_1_Sleep:
  75              	.LFB4:
  93:.\Generated_Source\PSoC4/UART_1_PM.c **** 
  94:.\Generated_Source\PSoC4/UART_1_PM.c **** 
  95:.\Generated_Source\PSoC4/UART_1_PM.c **** /*******************************************************************************
  96:.\Generated_Source\PSoC4/UART_1_PM.c **** * Function Name: UART_1_Sleep
ARM GAS  C:\Users\JOHNNY~1\AppData\Local\Temp\ccJoGJrA.s 			page 4


  97:.\Generated_Source\PSoC4/UART_1_PM.c **** ********************************************************************************
  98:.\Generated_Source\PSoC4/UART_1_PM.c **** *
  99:.\Generated_Source\PSoC4/UART_1_PM.c **** * Summary:
 100:.\Generated_Source\PSoC4/UART_1_PM.c **** *  This is the preferred API to prepare the component for sleep. 
 101:.\Generated_Source\PSoC4/UART_1_PM.c **** *  The UART_1_Sleep() API saves the current component state. Then it
 102:.\Generated_Source\PSoC4/UART_1_PM.c **** *  calls the UART_1_Stop() function and calls 
 103:.\Generated_Source\PSoC4/UART_1_PM.c **** *  UART_1_SaveConfig() to save the hardware configuration.
 104:.\Generated_Source\PSoC4/UART_1_PM.c **** *  Call the UART_1_Sleep() function before calling the CyPmSleep() 
 105:.\Generated_Source\PSoC4/UART_1_PM.c **** *  or the CyPmHibernate() function. 
 106:.\Generated_Source\PSoC4/UART_1_PM.c **** *
 107:.\Generated_Source\PSoC4/UART_1_PM.c **** * Parameters:
 108:.\Generated_Source\PSoC4/UART_1_PM.c **** *  None.
 109:.\Generated_Source\PSoC4/UART_1_PM.c **** *
 110:.\Generated_Source\PSoC4/UART_1_PM.c **** * Return:
 111:.\Generated_Source\PSoC4/UART_1_PM.c **** *  None.
 112:.\Generated_Source\PSoC4/UART_1_PM.c **** *
 113:.\Generated_Source\PSoC4/UART_1_PM.c **** * Global Variables:
 114:.\Generated_Source\PSoC4/UART_1_PM.c **** *  UART_1_backup - modified when non-retention registers are saved.
 115:.\Generated_Source\PSoC4/UART_1_PM.c **** *
 116:.\Generated_Source\PSoC4/UART_1_PM.c **** * Reentrant:
 117:.\Generated_Source\PSoC4/UART_1_PM.c **** *  No.
 118:.\Generated_Source\PSoC4/UART_1_PM.c **** *
 119:.\Generated_Source\PSoC4/UART_1_PM.c **** *******************************************************************************/
 120:.\Generated_Source\PSoC4/UART_1_PM.c **** void UART_1_Sleep(void)
 121:.\Generated_Source\PSoC4/UART_1_PM.c **** {
  76              		.loc 1 121 0
  77              		.cfi_startproc
  78 0000 80B5     		push	{r7, lr}
  79              		.cfi_def_cfa_offset 8
  80              		.cfi_offset 7, -8
  81              		.cfi_offset 14, -4
  82 0002 00AF     		add	r7, sp, #0
  83              		.cfi_def_cfa_register 7
 122:.\Generated_Source\PSoC4/UART_1_PM.c ****     #if(UART_1_RX_ENABLED || UART_1_HD_ENABLED)
 123:.\Generated_Source\PSoC4/UART_1_PM.c ****         if((UART_1_RXSTATUS_ACTL_REG  & UART_1_INT_ENABLE) != 0u)
  84              		.loc 1 123 0
  85 0004 094B     		ldr	r3, .L6
  86 0006 1B78     		ldrb	r3, [r3]
  87 0008 DBB2     		uxtb	r3, r3
  88 000a 1A1C     		mov	r2, r3
  89 000c 1023     		mov	r3, #16
  90 000e 1340     		and	r3, r2
  91 0010 03D0     		beq	.L4
 124:.\Generated_Source\PSoC4/UART_1_PM.c ****         {
 125:.\Generated_Source\PSoC4/UART_1_PM.c ****             UART_1_backup.enableState = 1u;
  92              		.loc 1 125 0
  93 0012 074B     		ldr	r3, .L6+4
  94 0014 0122     		mov	r2, #1
  95 0016 1A70     		strb	r2, [r3]
  96 0018 02E0     		b	.L5
  97              	.L4:
 126:.\Generated_Source\PSoC4/UART_1_PM.c ****         }
 127:.\Generated_Source\PSoC4/UART_1_PM.c ****         else
 128:.\Generated_Source\PSoC4/UART_1_PM.c ****         {
 129:.\Generated_Source\PSoC4/UART_1_PM.c ****             UART_1_backup.enableState = 0u;
  98              		.loc 1 129 0
  99 001a 054B     		ldr	r3, .L6+4
ARM GAS  C:\Users\JOHNNY~1\AppData\Local\Temp\ccJoGJrA.s 			page 5


 100 001c 0022     		mov	r2, #0
 101 001e 1A70     		strb	r2, [r3]
 102              	.L5:
 130:.\Generated_Source\PSoC4/UART_1_PM.c ****         }
 131:.\Generated_Source\PSoC4/UART_1_PM.c ****     #else
 132:.\Generated_Source\PSoC4/UART_1_PM.c ****         if((UART_1_TXSTATUS_ACTL_REG  & UART_1_INT_ENABLE) !=0u)
 133:.\Generated_Source\PSoC4/UART_1_PM.c ****         {
 134:.\Generated_Source\PSoC4/UART_1_PM.c ****             UART_1_backup.enableState = 1u;
 135:.\Generated_Source\PSoC4/UART_1_PM.c ****         }
 136:.\Generated_Source\PSoC4/UART_1_PM.c ****         else
 137:.\Generated_Source\PSoC4/UART_1_PM.c ****         {
 138:.\Generated_Source\PSoC4/UART_1_PM.c ****             UART_1_backup.enableState = 0u;
 139:.\Generated_Source\PSoC4/UART_1_PM.c ****         }
 140:.\Generated_Source\PSoC4/UART_1_PM.c ****     #endif /* End UART_1_RX_ENABLED || UART_1_HD_ENABLED*/
 141:.\Generated_Source\PSoC4/UART_1_PM.c **** 
 142:.\Generated_Source\PSoC4/UART_1_PM.c ****     UART_1_Stop();
 103              		.loc 1 142 0
 104 0020 FFF7FEFF 		bl	UART_1_Stop
 143:.\Generated_Source\PSoC4/UART_1_PM.c ****     UART_1_SaveConfig();
 105              		.loc 1 143 0
 106 0024 FFF7FEFF 		bl	UART_1_SaveConfig
 144:.\Generated_Source\PSoC4/UART_1_PM.c **** }
 107              		.loc 1 144 0
 108 0028 BD46     		mov	sp, r7
 109              		@ sp needed
 110 002a 80BD     		pop	{r7, pc}
 111              	.L7:
 112              		.align	2
 113              	.L6:
 114 002c 91000F40 		.word	1074725009
 115 0030 00000000 		.word	UART_1_backup
 116              		.cfi_endproc
 117              	.LFE4:
 118              		.size	UART_1_Sleep, .-UART_1_Sleep
 119              		.section	.text.UART_1_Wakeup,"ax",%progbits
 120              		.align	2
 121              		.global	UART_1_Wakeup
 122              		.code	16
 123              		.thumb_func
 124              		.type	UART_1_Wakeup, %function
 125              	UART_1_Wakeup:
 126              	.LFB5:
 145:.\Generated_Source\PSoC4/UART_1_PM.c **** 
 146:.\Generated_Source\PSoC4/UART_1_PM.c **** 
 147:.\Generated_Source\PSoC4/UART_1_PM.c **** /*******************************************************************************
 148:.\Generated_Source\PSoC4/UART_1_PM.c **** * Function Name: UART_1_Wakeup
 149:.\Generated_Source\PSoC4/UART_1_PM.c **** ********************************************************************************
 150:.\Generated_Source\PSoC4/UART_1_PM.c **** *
 151:.\Generated_Source\PSoC4/UART_1_PM.c **** * Summary:
 152:.\Generated_Source\PSoC4/UART_1_PM.c **** *  This is the preferred API to restore the component to the state when 
 153:.\Generated_Source\PSoC4/UART_1_PM.c **** *  UART_1_Sleep() was called. The UART_1_Wakeup() function
 154:.\Generated_Source\PSoC4/UART_1_PM.c **** *  calls the UART_1_RestoreConfig() function to restore the 
 155:.\Generated_Source\PSoC4/UART_1_PM.c **** *  configuration. If the component was enabled before the 
 156:.\Generated_Source\PSoC4/UART_1_PM.c **** *  UART_1_Sleep() function was called, the UART_1_Wakeup()
 157:.\Generated_Source\PSoC4/UART_1_PM.c **** *  function will also re-enable the component.
 158:.\Generated_Source\PSoC4/UART_1_PM.c **** *
 159:.\Generated_Source\PSoC4/UART_1_PM.c **** * Parameters:
ARM GAS  C:\Users\JOHNNY~1\AppData\Local\Temp\ccJoGJrA.s 			page 6


 160:.\Generated_Source\PSoC4/UART_1_PM.c **** *  None.
 161:.\Generated_Source\PSoC4/UART_1_PM.c **** *
 162:.\Generated_Source\PSoC4/UART_1_PM.c **** * Return:
 163:.\Generated_Source\PSoC4/UART_1_PM.c **** *  None.
 164:.\Generated_Source\PSoC4/UART_1_PM.c **** *
 165:.\Generated_Source\PSoC4/UART_1_PM.c **** * Global Variables:
 166:.\Generated_Source\PSoC4/UART_1_PM.c **** *  UART_1_backup - used when non-retention registers are restored.
 167:.\Generated_Source\PSoC4/UART_1_PM.c **** *
 168:.\Generated_Source\PSoC4/UART_1_PM.c **** * Reentrant:
 169:.\Generated_Source\PSoC4/UART_1_PM.c **** *  No.
 170:.\Generated_Source\PSoC4/UART_1_PM.c **** *
 171:.\Generated_Source\PSoC4/UART_1_PM.c **** *******************************************************************************/
 172:.\Generated_Source\PSoC4/UART_1_PM.c **** void UART_1_Wakeup(void)
 173:.\Generated_Source\PSoC4/UART_1_PM.c **** {
 127              		.loc 1 173 0
 128              		.cfi_startproc
 129 0000 80B5     		push	{r7, lr}
 130              		.cfi_def_cfa_offset 8
 131              		.cfi_offset 7, -8
 132              		.cfi_offset 14, -4
 133 0002 00AF     		add	r7, sp, #0
 134              		.cfi_def_cfa_register 7
 174:.\Generated_Source\PSoC4/UART_1_PM.c ****     UART_1_RestoreConfig();
 135              		.loc 1 174 0
 136 0004 FFF7FEFF 		bl	UART_1_RestoreConfig
 175:.\Generated_Source\PSoC4/UART_1_PM.c ****     #if( (UART_1_RX_ENABLED) || (UART_1_HD_ENABLED) )
 176:.\Generated_Source\PSoC4/UART_1_PM.c ****         UART_1_ClearRxBuffer();
 137              		.loc 1 176 0
 138 0008 FFF7FEFF 		bl	UART_1_ClearRxBuffer
 177:.\Generated_Source\PSoC4/UART_1_PM.c ****     #endif /* End (UART_1_RX_ENABLED) || (UART_1_HD_ENABLED) */
 178:.\Generated_Source\PSoC4/UART_1_PM.c ****     #if(UART_1_TX_ENABLED || UART_1_HD_ENABLED)
 179:.\Generated_Source\PSoC4/UART_1_PM.c ****         UART_1_ClearTxBuffer();
 180:.\Generated_Source\PSoC4/UART_1_PM.c ****     #endif /* End UART_1_TX_ENABLED || UART_1_HD_ENABLED */
 181:.\Generated_Source\PSoC4/UART_1_PM.c **** 
 182:.\Generated_Source\PSoC4/UART_1_PM.c ****     if(UART_1_backup.enableState != 0u)
 139              		.loc 1 182 0
 140 000c 034B     		ldr	r3, .L10
 141 000e 1B78     		ldrb	r3, [r3]
 142 0010 002B     		cmp	r3, #0
 143 0012 01D0     		beq	.L8
 183:.\Generated_Source\PSoC4/UART_1_PM.c ****     {
 184:.\Generated_Source\PSoC4/UART_1_PM.c ****         UART_1_Enable();
 144              		.loc 1 184 0
 145 0014 FFF7FEFF 		bl	UART_1_Enable
 146              	.L8:
 185:.\Generated_Source\PSoC4/UART_1_PM.c ****     }
 186:.\Generated_Source\PSoC4/UART_1_PM.c **** }
 147              		.loc 1 186 0
 148 0018 BD46     		mov	sp, r7
 149              		@ sp needed
 150 001a 80BD     		pop	{r7, pc}
 151              	.L11:
 152              		.align	2
 153              	.L10:
 154 001c 00000000 		.word	UART_1_backup
 155              		.cfi_endproc
 156              	.LFE5:
ARM GAS  C:\Users\JOHNNY~1\AppData\Local\Temp\ccJoGJrA.s 			page 7


 157              		.size	UART_1_Wakeup, .-UART_1_Wakeup
 158              		.text
 159              	.Letext0:
 160              		.file 2 ".\\Generated_Source\\PSoC4\\cytypes.h"
 161              		.file 3 ".\\Generated_Source\\PSoC4\\UART_1.h"
 162              		.section	.debug_info,"",%progbits
 163              	.Ldebug_info0:
 164 0000 1A010000 		.4byte	0x11a
 165 0004 0400     		.2byte	0x4
 166 0006 00000000 		.4byte	.Ldebug_abbrev0
 167 000a 04       		.byte	0x4
 168 000b 01       		.uleb128 0x1
 169 000c 0E000000 		.4byte	.LASF20
 170 0010 01       		.byte	0x1
 171 0011 2C010000 		.4byte	.LASF21
 172 0015 A8010000 		.4byte	.LASF22
 173 0019 00000000 		.4byte	.Ldebug_ranges0+0
 174 001d 00000000 		.4byte	0
 175 0021 00000000 		.4byte	.Ldebug_line0
 176 0025 02       		.uleb128 0x2
 177 0026 01       		.byte	0x1
 178 0027 06       		.byte	0x6
 179 0028 87010000 		.4byte	.LASF0
 180 002c 02       		.uleb128 0x2
 181 002d 01       		.byte	0x1
 182 002e 08       		.byte	0x8
 183 002f 1E010000 		.4byte	.LASF1
 184 0033 02       		.uleb128 0x2
 185 0034 02       		.byte	0x2
 186 0035 05       		.byte	0x5
 187 0036 14020000 		.4byte	.LASF2
 188 003a 02       		.uleb128 0x2
 189 003b 02       		.byte	0x2
 190 003c 07       		.byte	0x7
 191 003d 74010000 		.4byte	.LASF3
 192 0041 02       		.uleb128 0x2
 193 0042 04       		.byte	0x4
 194 0043 05       		.byte	0x5
 195 0044 56010000 		.4byte	.LASF4
 196 0048 02       		.uleb128 0x2
 197 0049 04       		.byte	0x4
 198 004a 07       		.byte	0x7
 199 004b C8000000 		.4byte	.LASF5
 200 004f 02       		.uleb128 0x2
 201 0050 08       		.byte	0x8
 202 0051 05       		.byte	0x5
 203 0052 00000000 		.4byte	.LASF6
 204 0056 02       		.uleb128 0x2
 205 0057 08       		.byte	0x8
 206 0058 07       		.byte	0x7
 207 0059 EC000000 		.4byte	.LASF7
 208 005d 03       		.uleb128 0x3
 209 005e 04       		.byte	0x4
 210 005f 05       		.byte	0x5
 211 0060 696E7400 		.ascii	"int\000"
 212 0064 02       		.uleb128 0x2
 213 0065 04       		.byte	0x4
ARM GAS  C:\Users\JOHNNY~1\AppData\Local\Temp\ccJoGJrA.s 			page 8


 214 0066 07       		.byte	0x7
 215 0067 A8000000 		.4byte	.LASF8
 216 006b 04       		.uleb128 0x4
 217 006c C2000000 		.4byte	.LASF12
 218 0070 02       		.byte	0x2
 219 0071 3801     		.2byte	0x138
 220 0073 2C000000 		.4byte	0x2c
 221 0077 02       		.uleb128 0x2
 222 0078 04       		.byte	0x4
 223 0079 04       		.byte	0x4
 224 007a 03010000 		.4byte	.LASF9
 225 007e 02       		.uleb128 0x2
 226 007f 08       		.byte	0x8
 227 0080 04       		.byte	0x4
 228 0081 5F010000 		.4byte	.LASF10
 229 0085 02       		.uleb128 0x2
 230 0086 01       		.byte	0x1
 231 0087 08       		.byte	0x8
 232 0088 51010000 		.4byte	.LASF11
 233 008c 04       		.uleb128 0x4
 234 008d 1E020000 		.4byte	.LASF13
 235 0091 02       		.byte	0x2
 236 0092 E201     		.2byte	0x1e2
 237 0094 98000000 		.4byte	0x98
 238 0098 05       		.uleb128 0x5
 239 0099 6B000000 		.4byte	0x6b
 240 009d 02       		.uleb128 0x2
 241 009e 04       		.byte	0x4
 242 009f 07       		.byte	0x7
 243 00a0 31020000 		.4byte	.LASF14
 244 00a4 06       		.uleb128 0x6
 245 00a5 09010000 		.4byte	.LASF23
 246 00a9 01       		.byte	0x1
 247 00aa 03       		.byte	0x3
 248 00ab 45       		.byte	0x45
 249 00ac BD000000 		.4byte	0xbd
 250 00b0 07       		.uleb128 0x7
 251 00b1 9C000000 		.4byte	.LASF24
 252 00b5 03       		.byte	0x3
 253 00b6 47       		.byte	0x47
 254 00b7 6B000000 		.4byte	0x6b
 255 00bb 00       		.byte	0
 256 00bc 00       		.byte	0
 257 00bd 08       		.uleb128 0x8
 258 00be 3A020000 		.4byte	.LASF15
 259 00c2 03       		.byte	0x3
 260 00c3 4D       		.byte	0x4d
 261 00c4 A4000000 		.4byte	0xa4
 262 00c8 09       		.uleb128 0x9
 263 00c9 DA000000 		.4byte	.LASF16
 264 00cd 01       		.byte	0x1
 265 00ce 36       		.byte	0x36
 266 00cf 00000000 		.4byte	.LFB2
 267 00d3 08000000 		.4byte	.LFE2-.LFB2
 268 00d7 01       		.uleb128 0x1
 269 00d8 9C       		.byte	0x9c
 270 00d9 09       		.uleb128 0x9
ARM GAS  C:\Users\JOHNNY~1\AppData\Local\Temp\ccJoGJrA.s 			page 9


 271 00da 93010000 		.4byte	.LASF17
 272 00de 01       		.byte	0x1
 273 00df 57       		.byte	0x57
 274 00e0 00000000 		.4byte	.LFB3
 275 00e4 08000000 		.4byte	.LFE3-.LFB3
 276 00e8 01       		.uleb128 0x1
 277 00e9 9C       		.byte	0x9c
 278 00ea 0A       		.uleb128 0xa
 279 00eb B5000000 		.4byte	.LASF18
 280 00ef 01       		.byte	0x1
 281 00f0 78       		.byte	0x78
 282 00f1 00000000 		.4byte	.LFB4
 283 00f5 34000000 		.4byte	.LFE4-.LFB4
 284 00f9 01       		.uleb128 0x1
 285 00fa 9C       		.byte	0x9c
 286 00fb 0A       		.uleb128 0xa
 287 00fc 23020000 		.4byte	.LASF19
 288 0100 01       		.byte	0x1
 289 0101 AC       		.byte	0xac
 290 0102 00000000 		.4byte	.LFB5
 291 0106 20000000 		.4byte	.LFE5-.LFB5
 292 010a 01       		.uleb128 0x1
 293 010b 9C       		.byte	0x9c
 294 010c 0B       		.uleb128 0xb
 295 010d 66010000 		.4byte	.LASF25
 296 0111 01       		.byte	0x1
 297 0112 18       		.byte	0x18
 298 0113 BD000000 		.4byte	0xbd
 299 0117 05       		.uleb128 0x5
 300 0118 03       		.byte	0x3
 301 0119 00000000 		.4byte	UART_1_backup
 302 011d 00       		.byte	0
 303              		.section	.debug_abbrev,"",%progbits
 304              	.Ldebug_abbrev0:
 305 0000 01       		.uleb128 0x1
 306 0001 11       		.uleb128 0x11
 307 0002 01       		.byte	0x1
 308 0003 25       		.uleb128 0x25
 309 0004 0E       		.uleb128 0xe
 310 0005 13       		.uleb128 0x13
 311 0006 0B       		.uleb128 0xb
 312 0007 03       		.uleb128 0x3
 313 0008 0E       		.uleb128 0xe
 314 0009 1B       		.uleb128 0x1b
 315 000a 0E       		.uleb128 0xe
 316 000b 55       		.uleb128 0x55
 317 000c 17       		.uleb128 0x17
 318 000d 11       		.uleb128 0x11
 319 000e 01       		.uleb128 0x1
 320 000f 10       		.uleb128 0x10
 321 0010 17       		.uleb128 0x17
 322 0011 00       		.byte	0
 323 0012 00       		.byte	0
 324 0013 02       		.uleb128 0x2
 325 0014 24       		.uleb128 0x24
 326 0015 00       		.byte	0
 327 0016 0B       		.uleb128 0xb
ARM GAS  C:\Users\JOHNNY~1\AppData\Local\Temp\ccJoGJrA.s 			page 10


 328 0017 0B       		.uleb128 0xb
 329 0018 3E       		.uleb128 0x3e
 330 0019 0B       		.uleb128 0xb
 331 001a 03       		.uleb128 0x3
 332 001b 0E       		.uleb128 0xe
 333 001c 00       		.byte	0
 334 001d 00       		.byte	0
 335 001e 03       		.uleb128 0x3
 336 001f 24       		.uleb128 0x24
 337 0020 00       		.byte	0
 338 0021 0B       		.uleb128 0xb
 339 0022 0B       		.uleb128 0xb
 340 0023 3E       		.uleb128 0x3e
 341 0024 0B       		.uleb128 0xb
 342 0025 03       		.uleb128 0x3
 343 0026 08       		.uleb128 0x8
 344 0027 00       		.byte	0
 345 0028 00       		.byte	0
 346 0029 04       		.uleb128 0x4
 347 002a 16       		.uleb128 0x16
 348 002b 00       		.byte	0
 349 002c 03       		.uleb128 0x3
 350 002d 0E       		.uleb128 0xe
 351 002e 3A       		.uleb128 0x3a
 352 002f 0B       		.uleb128 0xb
 353 0030 3B       		.uleb128 0x3b
 354 0031 05       		.uleb128 0x5
 355 0032 49       		.uleb128 0x49
 356 0033 13       		.uleb128 0x13
 357 0034 00       		.byte	0
 358 0035 00       		.byte	0
 359 0036 05       		.uleb128 0x5
 360 0037 35       		.uleb128 0x35
 361 0038 00       		.byte	0
 362 0039 49       		.uleb128 0x49
 363 003a 13       		.uleb128 0x13
 364 003b 00       		.byte	0
 365 003c 00       		.byte	0
 366 003d 06       		.uleb128 0x6
 367 003e 13       		.uleb128 0x13
 368 003f 01       		.byte	0x1
 369 0040 03       		.uleb128 0x3
 370 0041 0E       		.uleb128 0xe
 371 0042 0B       		.uleb128 0xb
 372 0043 0B       		.uleb128 0xb
 373 0044 3A       		.uleb128 0x3a
 374 0045 0B       		.uleb128 0xb
 375 0046 3B       		.uleb128 0x3b
 376 0047 0B       		.uleb128 0xb
 377 0048 01       		.uleb128 0x1
 378 0049 13       		.uleb128 0x13
 379 004a 00       		.byte	0
 380 004b 00       		.byte	0
 381 004c 07       		.uleb128 0x7
 382 004d 0D       		.uleb128 0xd
 383 004e 00       		.byte	0
 384 004f 03       		.uleb128 0x3
ARM GAS  C:\Users\JOHNNY~1\AppData\Local\Temp\ccJoGJrA.s 			page 11


 385 0050 0E       		.uleb128 0xe
 386 0051 3A       		.uleb128 0x3a
 387 0052 0B       		.uleb128 0xb
 388 0053 3B       		.uleb128 0x3b
 389 0054 0B       		.uleb128 0xb
 390 0055 49       		.uleb128 0x49
 391 0056 13       		.uleb128 0x13
 392 0057 38       		.uleb128 0x38
 393 0058 0B       		.uleb128 0xb
 394 0059 00       		.byte	0
 395 005a 00       		.byte	0
 396 005b 08       		.uleb128 0x8
 397 005c 16       		.uleb128 0x16
 398 005d 00       		.byte	0
 399 005e 03       		.uleb128 0x3
 400 005f 0E       		.uleb128 0xe
 401 0060 3A       		.uleb128 0x3a
 402 0061 0B       		.uleb128 0xb
 403 0062 3B       		.uleb128 0x3b
 404 0063 0B       		.uleb128 0xb
 405 0064 49       		.uleb128 0x49
 406 0065 13       		.uleb128 0x13
 407 0066 00       		.byte	0
 408 0067 00       		.byte	0
 409 0068 09       		.uleb128 0x9
 410 0069 2E       		.uleb128 0x2e
 411 006a 00       		.byte	0
 412 006b 3F       		.uleb128 0x3f
 413 006c 19       		.uleb128 0x19
 414 006d 03       		.uleb128 0x3
 415 006e 0E       		.uleb128 0xe
 416 006f 3A       		.uleb128 0x3a
 417 0070 0B       		.uleb128 0xb
 418 0071 3B       		.uleb128 0x3b
 419 0072 0B       		.uleb128 0xb
 420 0073 27       		.uleb128 0x27
 421 0074 19       		.uleb128 0x19
 422 0075 11       		.uleb128 0x11
 423 0076 01       		.uleb128 0x1
 424 0077 12       		.uleb128 0x12
 425 0078 06       		.uleb128 0x6
 426 0079 40       		.uleb128 0x40
 427 007a 18       		.uleb128 0x18
 428 007b 9742     		.uleb128 0x2117
 429 007d 19       		.uleb128 0x19
 430 007e 00       		.byte	0
 431 007f 00       		.byte	0
 432 0080 0A       		.uleb128 0xa
 433 0081 2E       		.uleb128 0x2e
 434 0082 00       		.byte	0
 435 0083 3F       		.uleb128 0x3f
 436 0084 19       		.uleb128 0x19
 437 0085 03       		.uleb128 0x3
 438 0086 0E       		.uleb128 0xe
 439 0087 3A       		.uleb128 0x3a
 440 0088 0B       		.uleb128 0xb
 441 0089 3B       		.uleb128 0x3b
ARM GAS  C:\Users\JOHNNY~1\AppData\Local\Temp\ccJoGJrA.s 			page 12


 442 008a 0B       		.uleb128 0xb
 443 008b 27       		.uleb128 0x27
 444 008c 19       		.uleb128 0x19
 445 008d 11       		.uleb128 0x11
 446 008e 01       		.uleb128 0x1
 447 008f 12       		.uleb128 0x12
 448 0090 06       		.uleb128 0x6
 449 0091 40       		.uleb128 0x40
 450 0092 18       		.uleb128 0x18
 451 0093 9642     		.uleb128 0x2116
 452 0095 19       		.uleb128 0x19
 453 0096 00       		.byte	0
 454 0097 00       		.byte	0
 455 0098 0B       		.uleb128 0xb
 456 0099 34       		.uleb128 0x34
 457 009a 00       		.byte	0
 458 009b 03       		.uleb128 0x3
 459 009c 0E       		.uleb128 0xe
 460 009d 3A       		.uleb128 0x3a
 461 009e 0B       		.uleb128 0xb
 462 009f 3B       		.uleb128 0x3b
 463 00a0 0B       		.uleb128 0xb
 464 00a1 49       		.uleb128 0x49
 465 00a2 13       		.uleb128 0x13
 466 00a3 02       		.uleb128 0x2
 467 00a4 18       		.uleb128 0x18
 468 00a5 00       		.byte	0
 469 00a6 00       		.byte	0
 470 00a7 00       		.byte	0
 471              		.section	.debug_aranges,"",%progbits
 472 0000 34000000 		.4byte	0x34
 473 0004 0200     		.2byte	0x2
 474 0006 00000000 		.4byte	.Ldebug_info0
 475 000a 04       		.byte	0x4
 476 000b 00       		.byte	0
 477 000c 0000     		.2byte	0
 478 000e 0000     		.2byte	0
 479 0010 00000000 		.4byte	.LFB2
 480 0014 08000000 		.4byte	.LFE2-.LFB2
 481 0018 00000000 		.4byte	.LFB3
 482 001c 08000000 		.4byte	.LFE3-.LFB3
 483 0020 00000000 		.4byte	.LFB4
 484 0024 34000000 		.4byte	.LFE4-.LFB4
 485 0028 00000000 		.4byte	.LFB5
 486 002c 20000000 		.4byte	.LFE5-.LFB5
 487 0030 00000000 		.4byte	0
 488 0034 00000000 		.4byte	0
 489              		.section	.debug_ranges,"",%progbits
 490              	.Ldebug_ranges0:
 491 0000 00000000 		.4byte	.LFB2
 492 0004 08000000 		.4byte	.LFE2
 493 0008 00000000 		.4byte	.LFB3
 494 000c 08000000 		.4byte	.LFE3
 495 0010 00000000 		.4byte	.LFB4
 496 0014 34000000 		.4byte	.LFE4
 497 0018 00000000 		.4byte	.LFB5
 498 001c 20000000 		.4byte	.LFE5
ARM GAS  C:\Users\JOHNNY~1\AppData\Local\Temp\ccJoGJrA.s 			page 13


 499 0020 00000000 		.4byte	0
 500 0024 00000000 		.4byte	0
 501              		.section	.debug_line,"",%progbits
 502              	.Ldebug_line0:
 503 0000 A8000000 		.section	.debug_str,"MS",%progbits,1
 503      02005400 
 503      00000201 
 503      FB0E0D00 
 503      01010101 
 504              	.LASF6:
 505 0000 6C6F6E67 		.ascii	"long long int\000"
 505      206C6F6E 
 505      6720696E 
 505      7400
 506              	.LASF20:
 507 000e 474E5520 		.ascii	"GNU C 4.9.3 20150303 (release) [ARM/embedded-4_9-br"
 507      4320342E 
 507      392E3320 
 507      32303135 
 507      30333033 
 508 0041 616E6368 		.ascii	"anch revision 221220] -mcpu=cortex-m0 -mthumb -g -O"
 508      20726576 
 508      6973696F 
 508      6E203232 
 508      31323230 
 509 0074 30202D66 		.ascii	"0 -ffunction-sections -ffat-lto-objects\000"
 509      66756E63 
 509      74696F6E 
 509      2D736563 
 509      74696F6E 
 510              	.LASF24:
 511 009c 656E6162 		.ascii	"enableState\000"
 511      6C655374 
 511      61746500 
 512              	.LASF8:
 513 00a8 756E7369 		.ascii	"unsigned int\000"
 513      676E6564 
 513      20696E74 
 513      00
 514              	.LASF18:
 515 00b5 55415254 		.ascii	"UART_1_Sleep\000"
 515      5F315F53 
 515      6C656570 
 515      00
 516              	.LASF12:
 517 00c2 75696E74 		.ascii	"uint8\000"
 517      3800
 518              	.LASF5:
 519 00c8 6C6F6E67 		.ascii	"long unsigned int\000"
 519      20756E73 
 519      69676E65 
 519      6420696E 
 519      7400
 520              	.LASF16:
 521 00da 55415254 		.ascii	"UART_1_SaveConfig\000"
 521      5F315F53 
 521      61766543 
ARM GAS  C:\Users\JOHNNY~1\AppData\Local\Temp\ccJoGJrA.s 			page 14


 521      6F6E6669 
 521      6700
 522              	.LASF7:
 523 00ec 6C6F6E67 		.ascii	"long long unsigned int\000"
 523      206C6F6E 
 523      6720756E 
 523      7369676E 
 523      65642069 
 524              	.LASF9:
 525 0103 666C6F61 		.ascii	"float\000"
 525      7400
 526              	.LASF23:
 527 0109 55415254 		.ascii	"UART_1_backupStruct_\000"
 527      5F315F62 
 527      61636B75 
 527      70537472 
 527      7563745F 
 528              	.LASF1:
 529 011e 756E7369 		.ascii	"unsigned char\000"
 529      676E6564 
 529      20636861 
 529      7200
 530              	.LASF21:
 531 012c 2E5C4765 		.ascii	".\\Generated_Source\\PSoC4\\UART_1_PM.c\000"
 531      6E657261 
 531      7465645F 
 531      536F7572 
 531      63655C50 
 532              	.LASF11:
 533 0151 63686172 		.ascii	"char\000"
 533      00
 534              	.LASF4:
 535 0156 6C6F6E67 		.ascii	"long int\000"
 535      20696E74 
 535      00
 536              	.LASF10:
 537 015f 646F7562 		.ascii	"double\000"
 537      6C6500
 538              	.LASF25:
 539 0166 55415254 		.ascii	"UART_1_backup\000"
 539      5F315F62 
 539      61636B75 
 539      7000
 540              	.LASF3:
 541 0174 73686F72 		.ascii	"short unsigned int\000"
 541      7420756E 
 541      7369676E 
 541      65642069 
 541      6E7400
 542              	.LASF0:
 543 0187 7369676E 		.ascii	"signed char\000"
 543      65642063 
 543      68617200 
 544              	.LASF17:
 545 0193 55415254 		.ascii	"UART_1_RestoreConfig\000"
 545      5F315F52 
 545      6573746F 
ARM GAS  C:\Users\JOHNNY~1\AppData\Local\Temp\ccJoGJrA.s 			page 15


 545      7265436F 
 545      6E666967 
 546              	.LASF22:
 547 01a8 433A5C55 		.ascii	"C:\\Users\\Johnny K\\Desktop\\PSoC_4_BLE_Eddystone_"
 547      73657273 
 547      5C4A6F68 
 547      6E6E7920 
 547      4B5C4465 
 548 01d7 436F7079 		.ascii	"Copy_01.cydsn (2)\\PSoC_4_BLE_Eddystone_Copy_01_Cop"
 548      5F30312E 
 548      63796473 
 548      6E202832 
 548      295C5053 
 549 0209 795F3033 		.ascii	"y_03.cydsn\000"
 549      2E637964 
 549      736E00
 550              	.LASF2:
 551 0214 73686F72 		.ascii	"short int\000"
 551      7420696E 
 551      7400
 552              	.LASF13:
 553 021e 72656738 		.ascii	"reg8\000"
 553      00
 554              	.LASF19:
 555 0223 55415254 		.ascii	"UART_1_Wakeup\000"
 555      5F315F57 
 555      616B6575 
 555      7000
 556              	.LASF14:
 557 0231 73697A65 		.ascii	"sizetype\000"
 557      74797065 
 557      00
 558              	.LASF15:
 559 023a 55415254 		.ascii	"UART_1_BACKUP_STRUCT\000"
 559      5F315F42 
 559      41434B55 
 559      505F5354 
 559      52554354 
 560              		.ident	"GCC: (GNU Tools for ARM Embedded Processors) 4.9.3 20150303 (release) [ARM/embedded-4_9-br
